Archive member included to satisfy reference by file (symbol)

../external/AFW/sources/external/libopencm3/lib/libopencm3_stm32f0.a(adc.o)
                              bin/sources/hal/adc.o (adc_set_operation_mode)
../external/AFW/sources/external/libopencm3/lib/libopencm3_stm32f0.a(adc_common_v2.o)
                              bin/sources/hal/adc.o (adc_eoc)
../external/AFW/sources/external/libopencm3/lib/libopencm3_stm32f0.a(exti_common_all.o)
                              bin/sources/hal/exti.o (exti_enable_request)
../external/AFW/sources/external/libopencm3/lib/libopencm3_stm32f0.a(flash.o)
                              bin/sources/hal/flash.o (flash_program_half_word)
../external/AFW/sources/external/libopencm3/lib/libopencm3_stm32f0.a(flash_common_f.o)
                              bin/sources/hal/flash.o (flash_unlock)
../external/AFW/sources/external/libopencm3/lib/libopencm3_stm32f0.a(flash_common_f01.o)
                              ../external/AFW/sources/external/libopencm3/lib/libopencm3_stm32f0.a(flash.o) (flash_clear_pgerr_flag)
../external/AFW/sources/external/libopencm3/lib/libopencm3_stm32f0.a(gpio_common_all.o)
                              bin/sources/hal/io.o (gpio_set)
../external/AFW/sources/external/libopencm3/lib/libopencm3_stm32f0.a(iwdg_common_all.o)
                              bin/sources/hal/wdg.o (iwdg_start)
../external/AFW/sources/external/libopencm3/lib/libopencm3_stm32f0.a(i2c_common_v2.o)
                              bin/sources/hal/i2c.o (i2c_reset)
../external/AFW/sources/external/libopencm3/lib/libopencm3_stm32f0.a(pwr_common_v1.o)
                              bin/sources/hal/rtc.o (pwr_disable_backup_domain_write_protect)
../external/AFW/sources/external/libopencm3/lib/libopencm3_stm32f0.a(rcc.o)
                              bin/src/main.o (rcc_wait_for_osc_ready)
../external/AFW/sources/external/libopencm3/lib/libopencm3_stm32f0.a(rcc_common_all.o)
                              bin/sources/hal/io.o (rcc_periph_clock_enable)
../external/AFW/sources/external/libopencm3/lib/libopencm3_stm32f0.a(rtc_common_l1f024.o)
                              bin/sources/hal/rtc.o (rtc_set_prescaler)
../external/AFW/sources/external/libopencm3/lib/libopencm3_stm32f0.a(spi_common_all.o)
                              bin/sources/hal/spi.o (spi_reset)
../external/AFW/sources/external/libopencm3/lib/libopencm3_stm32f0.a(spi_common_v2.o)
                              bin/sources/hal/spi.o (spi_set_data_size)
../external/AFW/sources/external/libopencm3/lib/libopencm3_stm32f0.a(usart_common_all.o)
                              bin/sources/hal/uart.o (usart_set_baudrate)
../external/AFW/sources/external/libopencm3/lib/libopencm3_stm32f0.a(usart_common_v2.o)
                              ../external/AFW/sources/external/libopencm3/lib/libopencm3_stm32f0.a(usart_common_all.o) (usart_send)
../external/AFW/sources/external/libopencm3/lib/libopencm3_stm32f0.a(usb.o)
                              bin/sources/hal/usb_msc.o (usbd_init)
../external/AFW/sources/external/libopencm3/lib/libopencm3_stm32f0.a(usb_control.o)
                              ../external/AFW/sources/external/libopencm3/lib/libopencm3_stm32f0.a(usb.o) (_usbd_control_setup)
../external/AFW/sources/external/libopencm3/lib/libopencm3_stm32f0.a(usb_standard.o)
                              ../external/AFW/sources/external/libopencm3/lib/libopencm3_stm32f0.a(usb_control.o) (_usbd_standard_request)
../external/AFW/sources/external/libopencm3/lib/libopencm3_stm32f0.a(usb_msc.o)
                              bin/sources/hal/usb_msc.o (usb_msc_init)
../external/AFW/sources/external/libopencm3/lib/libopencm3_stm32f0.a(st_usbfs_v2.o)
                              bin/sources/hal/usb_msc.o (st_usbfs_v2_usb_driver)
../external/AFW/sources/external/libopencm3/lib/libopencm3_stm32f0.a(vector.o)
                              (reset_handler)
../external/AFW/sources/external/libopencm3/lib/libopencm3_stm32f0.a(systick.o)
                              bin/sources/hal/systick.o (systick_set_frequency)
../external/AFW/sources/external/libopencm3/lib/libopencm3_stm32f0.a(nvic.o)
                              bin/sources/hal/uart.o (nvic_enable_irq)
../external/AFW/sources/external/libopencm3/lib/libopencm3_stm32f0.a(assert.o)
                              ../external/AFW/sources/external/libopencm3/lib/libopencm3_stm32f0.a(adc.o) (cm3_assert_failed)
../external/AFW/sources/external/libopencm3/lib/libopencm3_stm32f0.a(flash_common_all.o)
                              ../external/AFW/sources/external/libopencm3/lib/libopencm3_stm32f0.a(rcc.o) (flash_prefetch_enable)
../external/AFW/sources/external/libopencm3/lib/libopencm3_stm32f0.a(st_usbfs_core.o)
                              ../external/AFW/sources/external/libopencm3/lib/libopencm3_stm32f0.a(st_usbfs_v2.o) (st_usbfs_set_address)
/usr/lib/gcc/arm-none-eabi/9.2.0/../../../../arm-none-eabi/lib/thumb/v6-m/nofp/libc_nano.a(lib_a-ctype_.o)
[...]
Memory Configuration

Name             Origin             Length             Attributes
ram              0x0000000020000000 0x0000000000004000 xrw
rom              0x0000000008000000 0x0000000000020000 xr
*default*        0x0000000000000000 0xffffffffffffffff

Linker script and memory map

LOAD /usr/lib/gcc/arm-none-eabi/9.2.0/../../../../arm-none-eabi/lib/thumb/v6-m/nofp/libc_nano.a
LOAD bin/src/gpx.o
LOAD bin/src/main.o
LOAD bin/src/stats.o
LOAD bin/src/storage.o
LOAD bin/src/gui/screens.o
LOAD bin/src/gui/menu.o
LOAD bin/src/gui/gui.o
LOAD bin/sources/hal/io.o
LOAD bin/sources/hal/uart.o
LOAD bin/sources/hal/exti.o
LOAD bin/sources/hal/i2c.o
LOAD bin/sources/hal/systick.o
LOAD bin/sources/hal/power.o
LOAD bin/sources/hal/spi.o
LOAD bin/sources/hal/wdg.o
LOAD bin/sources/hal/flash.o
LOAD bin/sources/hal/usb_msc.o
LOAD bin/sources/hal/rtc.o
LOAD bin/sources/hal/adc.o
LOAD bin/sources/drivers/gps.o
LOAD bin/sources/drivers/spi_flash.o
LOAD bin/sources/drivers/ssd1306.o
LOAD bin/sources/modules/log.o
LOAD bin/sources/modules/nmea.o
LOAD bin/sources/modules/ramdisk.o
LOAD bin/sources/modules/cgui/fonts.o
LOAD bin/sources/modules/cgui/cgui.o
LOAD bin/sources/utils/crc.o
LOAD bin/sources/utils/math.o
LOAD bin/sources/utils/nav.o
LOAD bin/sources/utils/button.o
LOAD bin/sources/utils/ringbuf.o
LOAD bin/sources/utils/time.o
LOAD ../external/AFW/sources/external/libopencm3/lib/libopencm3_stm32f0.a
START GROUP
LOAD /usr/lib/gcc/arm-none-eabi/9.2.0/../../../../arm-none-eabi/lib/thumb/v6-m/nofp/libc_nano.a
LOAD /usr/lib/gcc/arm-none-eabi/9.2.0/thumb/v6-m/nofp/libgcc.a
LOAD /usr/lib/gcc/arm-none-eabi/9.2.0/../../../../arm-none-eabi/lib/thumb/v6-m/nofp/libnosys.a
END GROUP
START GROUP
LOAD /usr/lib/gcc/arm-none-eabi/9.2.0/thumb/v6-m/nofp/libgcc.a
LOAD /usr/lib/gcc/arm-none-eabi/9.2.0/../../../../arm-none-eabi/lib/thumb/v6-m/nofp/libc_nano.a
END GROUP
START GROUP
LOAD /usr/lib/gcc/arm-none-eabi/9.2.0/thumb/v6-m/nofp/libgcc.a
LOAD /usr/lib/gcc/arm-none-eabi/9.2.0/../../../../arm-none-eabi/lib/thumb/v6-m/nofp/libc_nano.a
END GROUP

.text           0x0000000008000000     0xa168
 *(.vectors)
 .vectors       0x0000000008000000       0xc0 ../external/AFW/sources/external/libopencm3/lib/libopencm3_stm32f0.a(vector.o)
                0x0000000008000000                vector_table
 *(.text*)
 .text.setClock
                0x00000000080000c0       0x68 bin/src/main.o
 .text.addReadme
                0x0000000008000128       0x30 bin/src/main.o
 .text.btnCheck
                0x0000000008000158       0x60 bin/src/main.o
 .text.loop     0x00000000080001b8       0x5c bin/src/main.o
 .text.main     0x0000000008000214       0xf4 bin/src/main.o
                0x0000000008000214                main
 .text.Stats_Update
                0x0000000008000308      0x124 bin/src/stats.o
                0x0000000008000308                Stats_Update
 .text.Stats_Get
                0x000000000800042c       0x10 bin/src/stats.o
                0x000000000800042c                Stats_Get
 .text.Stats_Init
                0x000000000800043c      0x1a4 bin/src/stats.o
                0x000000000800043c                Stats_Init
 .text.Storage_Erase
                0x00000000080005e0       0x18 bin/src/storage.o
                0x00000000080005e0                Storage_Erase
 .text.Storage_SpaceRemaining
                0x00000000080005f8       0x24 bin/src/storage.o
                0x00000000080005f8                Storage_SpaceRemaining
 .text.Storage_SpaceUsed
                0x000000000800061c       0x1c bin/src/storage.o
                0x000000000800061c                Storage_SpaceUsed
 .text.Storage_GetSize
                0x0000000008000638       0x10 bin/src/storage.o
                0x0000000008000638                Storage_GetSize
 .text.Storage_Add
                0x0000000008000648       0x88 bin/src/storage.o
                0x0000000008000648                Storage_Add
 .text.Storage_Get
                0x00000000080006d0       0x3c bin/src/storage.o
                0x00000000080006d0                Storage_Get
 .text.Guii_DrawGps
                0x000000000800070c      0x1e8 bin/src/gui/screens.o
 .text.Guii_DrawDeviceInfo
                0x00000000080008f4       0x54 bin/src/gui/screens.o
 .text.Guii_DrawStats
                0x0000000008000948      0x230 bin/src/gui/screens.o
 .text.Gui_Screens
                0x0000000008000b78       0xe4 bin/src/gui/screens.o
                0x0000000008000b78                Gui_Screens
 .text.Guii_DrawMenu
                0x0000000008000c5c      0x238 bin/src/gui/menu.o
 .text.Guii_StorageErase
                0x0000000008000e94       0x2c bin/src/gui/menu.o
 .text.Guii_SysInfo
                0x0000000008000ec0        0xc bin/src/gui/menu.o
 .text.Gui_Menu
                0x0000000008000ecc      0x1a8 bin/src/gui/menu.o
                0x0000000008000ecc                Gui_Menu
 .text.Guii_DrawPopup
                0x0000000008001074       0xbc bin/src/gui/gui.o
 .text.Gui_Popup
                0x0000000008001130       0x24 bin/src/gui/gui.o
                0x0000000008001130                Gui_Popup
 .text.Gui_Event
                0x0000000008001154       0xb0 bin/src/gui/gui.o
                0x0000000008001154                Gui_Event
 .text.Gui_Init
                0x0000000008001204       0x1c bin/src/gui/gui.o
                0x0000000008001204                Gui_Init
 .text.IOdi_GpioInit
                0x0000000008001220       0x4c bin/sources/hal/io.o
 .text.IOd_SetLine
                0x000000000800126c       0x56 bin/sources/hal/io.o
                0x000000000800126c                IOd_SetLine
 .text.IOd_GetLine
                0x00000000080012c2       0x34 bin/sources/hal/io.o
                0x00000000080012c2                IOd_GetLine
 *fill*         0x00000000080012f6        0x2 
 .text.IOd_Init
                0x00000000080012f8      0x13c bin/sources/hal/io.o
                0x00000000080012f8                IOd_Init
 .text.UARTdi_IRQHandler
                0x0000000008001434       0x68 bin/sources/hal/uart.o
 .text.usart1_isr
                0x000000000800149c       0x18 bin/sources/hal/uart.o
                0x000000000800149c                usart1_isr
 .text.usart2_isr
                0x00000000080014b4       0x18 bin/sources/hal/uart.o
                0x00000000080014b4                usart2_isr
 .text.usart3_4_isr
                0x00000000080014cc       0x44 bin/sources/hal/uart.o
                0x00000000080014cc                usart3_4_isr
 .text.UARTdi_GetDevice
                0x0000000008001510       0x4c bin/sources/hal/uart.o
 .text.UARTdi_GetRcc
                0x000000000800155c       0x4c bin/sources/hal/uart.o
 .text.UARTdi_GetIRQ
                0x00000000080015a8       0x48 bin/sources/hal/uart.o
 .text.UARTd_Puts
                0x00000000080015f0       0x44 bin/sources/hal/uart.o
                0x00000000080015f0                UARTd_Puts
 .text.UARTd_Putc
                0x0000000008001634       0x38 bin/sources/hal/uart.o
                0x0000000008001634                UARTd_Putc
 .text.UARTd_SetRxCallback
                0x000000000800166c       0x50 bin/sources/hal/uart.o
                0x000000000800166c                UARTd_SetRxCallback
 .text.UARTd_Init
                0x00000000080016bc       0xaa bin/sources/hal/uart.o
                0x00000000080016bc                UARTd_Init
 .text.exti0_1_isr
                0x0000000008001766       0x2a bin/sources/hal/exti.o
                0x0000000008001766                exti0_1_isr
 .text.exti2_3_isr
                0x0000000008001790       0x2a bin/sources/hal/exti.o
                0x0000000008001790                exti2_3_isr
 .text.exti4_15_isr
                0x00000000080017ba       0x48 bin/sources/hal/exti.o
                0x00000000080017ba                exti4_15_isr
 *fill*         0x0000000008001802        0x2 
 .text.EXTIdi_Int
                0x0000000008001804       0x3c bin/sources/hal/exti.o
 .text.I2Cdi_GetDevice
                0x0000000008001840       0x4c bin/sources/hal/i2c.o
 .text.I2Cdi_GetRcc
                0x000000000800188c       0x4c bin/sources/hal/i2c.o
 .text.I2Cdi_Restart
                0x00000000080018d8       0x2a bin/sources/hal/i2c.o
 .text.I2Cdi_WaitFlag
                0x0000000008001902       0x7a bin/sources/hal/i2c.o
 .text.I2Cd_Transceive
                0x000000000800197c      0x180 bin/sources/hal/i2c.o
                0x000000000800197c                I2Cd_Transceive
 .text.I2Cd_Init
                0x0000000008001afc      0x114 bin/sources/hal/i2c.o
                0x0000000008001afc                I2Cd_Init
 .text.sys_tick_handler
                0x0000000008001c10       0x1c bin/sources/hal/systick.o
                0x0000000008001c10                sys_tick_handler
 .text.Systickd_SetCallback
                0x0000000008001c2c       0x1c bin/sources/hal/systick.o
                0x0000000008001c2c                Systickd_SetCallback
 .text.Systickd_Init
                0x0000000008001c48       0x50 bin/sources/hal/systick.o
                0x0000000008001c48                Systickd_Init
 .text.SPIdi_GetDevice
                0x0000000008001c98       0x4c bin/sources/hal/spi.o
 .text.SPIdi_GetRcc
                0x0000000008001ce4       0x4c bin/sources/hal/spi.o
 .text.SPId_Xfer8
                0x0000000008001d30       0x38 bin/sources/hal/spi.o
 .text.SPId_Transceive
                0x0000000008001d68       0x38 bin/sources/hal/spi.o
                0x0000000008001d68                SPId_Transceive
 .text.SPId_Send
                0x0000000008001da0       0x48 bin/sources/hal/spi.o
                0x0000000008001da0                SPId_Send
 .text.SPId_Receive
                0x0000000008001de8       0x4a bin/sources/hal/spi.o
                0x0000000008001de8                SPId_Receive
 .text.SPId_Init
                0x0000000008001e32      0x11e bin/sources/hal/spi.o
                0x0000000008001e32                SPId_Init
 .text.Usbd_MscPoll
                0x0000000008001f50       0x18 bin/sources/hal/usb_msc.o
                0x0000000008001f50                Usbd_MscPoll
 .text.Usbd_MscInit
                0x0000000008001f68       0x90 bin/sources/hal/usb_msc.o
                0x0000000008001f68                Usbd_MscInit
 .text.rtc_isr  0x0000000008001ff8       0xb4 bin/sources/hal/rtc.o
                0x0000000008001ff8                rtc_isr
 .text.Gpsi_RxCb
                0x00000000080020ac       0x28 bin/sources/drivers/gps.o
 .text.Gpsi_NmeaF2Dec
                0x00000000080020d4       0x4e bin/sources/drivers/gps.o
 .text.Gpsi_Nmea2Timestamp
                0x0000000008002122       0x7c bin/sources/drivers/gps.o
 .text.Gpsi_ProcessRmc
                0x000000000800219e       0x8e bin/sources/drivers/gps.o
 .text.Gpsi_ProcessGga
                0x000000000800222c       0x88 bin/sources/drivers/gps.o
 .text.Gps_Get  0x00000000080022b4       0x20 bin/sources/drivers/gps.o
                0x00000000080022b4                Gps_Get
 .text.Gps_Loop
                0x00000000080022d4       0xec bin/sources/drivers/gps.o
                0x00000000080022d4                Gps_Loop
 .text.Gps_Init
                0x00000000080023c0       0x2c bin/sources/drivers/gps.o
                0x00000000080023c0                Gps_Init
 .text.SpiFlashi_Cs
                0x00000000080023ec       0x38 bin/sources/drivers/spi_flash.o
 .text.SpiFlashi_CmdWithAddr
                0x0000000008002424       0xa0 bin/sources/drivers/spi_flash.o
 .text.SpiFlashi_Cmd
                0x00000000080024c4       0x2c bin/sources/drivers/spi_flash.o
 .text.SpiFlashi_WaitReady
                0x00000000080024f0       0x5e bin/sources/drivers/spi_flash.o
 .text.SpiFlashi_WriteEnable
                0x000000000800254e       0x10 bin/sources/drivers/spi_flash.o
 .text.SpiFlashi_WriteDisable
                0x000000000800255e       0x10 bin/sources/drivers/spi_flash.o
 .text.SpiFlash_WriteUnlock
                0x000000000800256e       0x46 bin/sources/drivers/spi_flash.o
                0x000000000800256e                SpiFlash_WriteUnlock
 .text.SpiFlash_Read
                0x00000000080025b4       0x32 bin/sources/drivers/spi_flash.o
                0x00000000080025b4                SpiFlash_Read
 .text.SpiFlash_Write
                0x00000000080025e6       0x8a bin/sources/drivers/spi_flash.o
                0x00000000080025e6                SpiFlash_Write
 .text.SpiFlash_Erase
                0x0000000008002670       0x1e bin/sources/drivers/spi_flash.o
                0x0000000008002670                SpiFlash_Erase
 .text.SSD1306i_Data
                0x000000000800268e       0x2a bin/sources/drivers/ssd1306.o
 .text.SSD1306i_Cmd
                0x00000000080026b8       0x3a bin/sources/drivers/ssd1306.o
 .text.SSD1306i_Cmd2
                0x00000000080026f2       0x2e bin/sources/drivers/ssd1306.o
 .text.SSD1306i_Cmd3
                0x0000000008002720       0x44 bin/sources/drivers/ssd1306.o
 .text.SSD1306_DrawPixel
                0x0000000008002764       0xbc bin/sources/drivers/ssd1306.o
                0x0000000008002764                SSD1306_DrawPixel
 .text.SSD1306_Flush
                0x0000000008002820       0x44 bin/sources/drivers/ssd1306.o
                0x0000000008002820                SSD1306_Flush
 .text.SSD1306_DispEnable
                0x0000000008002864       0x2a bin/sources/drivers/ssd1306.o
                0x0000000008002864                SSD1306_DispEnable
 .text.SSD1306_SetOrientation
                0x000000000800288e       0x36 bin/sources/drivers/ssd1306.o
                0x000000000800288e                SSD1306_SetOrientation
 .text.SSD1306_Init
                0x00000000080028c4       0xe4 bin/sources/drivers/ssd1306.o
                0x00000000080028c4                SSD1306_Init
 .text.Logi_Uitoa
                0x00000000080029a8       0xc8 bin/sources/modules/log.o
 .text.Logi_Printf
                0x0000000008002a70      0x140 bin/sources/modules/log.o
 .text.Log_SetLevel
                0x0000000008002bb0       0x20 bin/sources/modules/log.o
                0x0000000008002bb0                Log_SetLevel
 .text.Log_Raw  0x0000000008002bd0      0x144 bin/sources/modules/log.o
                0x0000000008002bd0                Log_Raw
 .text.Nmeai_Hex2Dec
                0x0000000008002d14       0x50 bin/sources/modules/nmea.o
 .text.Nmeai_Str2Dec
                0x0000000008002d64       0x68 bin/sources/modules/nmea.o
 .text.Nmeai_Float2DecDeg
                0x0000000008002dcc       0x64 bin/sources/modules/nmea.o
 .text.Nmeai_ScanHelper
                0x0000000008002e30      0x4c4 bin/sources/modules/nmea.o
 .text.Nmeai_Scan
                0x00000000080032f4       0xb4 bin/sources/modules/nmea.o
 .text.Nmea_VerifyChecksum
                0x00000000080033a8       0x92 bin/sources/modules/nmea.o
                0x00000000080033a8                Nmea_VerifyChecksum
 .text.Nmea_VerifyMessage
                0x000000000800343a       0x98 bin/sources/modules/nmea.o
                0x000000000800343a                Nmea_VerifyMessage
 *fill*         0x00000000080034d2        0x2 
 .text.Nmea_ParseRmc
                0x00000000080034d4      0x208 bin/sources/modules/nmea.o
                0x00000000080034d4                Nmea_ParseRmc
 .text.Nmea_ParseGga
                0x00000000080036dc      0x10c bin/sources/modules/nmea.o
                0x00000000080036dc                Nmea_ParseGga
 .text.Nmea_GetSentenceType
                0x00000000080037e8       0x48 bin/sources/modules/nmea.o
                0x00000000080037e8                Nmea_GetSentenceType
 .text.Nmea_AddChar
                0x0000000008003830       0x80 bin/sources/modules/nmea.o
                0x0000000008003830                Nmea_AddChar
 .text.Ramdiski_To2Bytes
                0x00000000080038b0       0x30 bin/sources/modules/ramdisk.o
 .text.Ramdiski_To4Bytes
                0x00000000080038e0       0x3e bin/sources/modules/ramdisk.o
 *fill*         0x000000000800391e        0x2 
 .text.Ramdiski_ReadTextFile
                0x0000000008003920       0x70 bin/sources/modules/ramdisk.o
 .text.Ramdiski_AddFile
                0x0000000008003990      0x29c bin/sources/modules/ramdisk.o
 .text.Ramdiski_GetRootDirectory
                0x0000000008003c2c      0x188 bin/sources/modules/ramdisk.o
 .text.Ramdiski_WriteRootDirectory
                0x0000000008003db4       0x80 bin/sources/modules/ramdisk.o
 .text.Ramdiski_GetFAT16
                0x0000000008003e34      0x1ac bin/sources/modules/ramdisk.o
 .text.Ramdiski_GetFile
                0x0000000008003fe0      0x10c bin/sources/modules/ramdisk.o
 .text.Ramdiski_WriteData
                0x00000000080040ec       0x12 bin/sources/modules/ramdisk.o
 *fill*         0x00000000080040fe        0x2 
 .text.Ramdisk_Read
                0x0000000008004100      0x180 bin/sources/modules/ramdisk.o
                0x0000000008004100                Ramdisk_Read
 .text.Ramdisk_Write
                0x0000000008004280       0xbc bin/sources/modules/ramdisk.o
                0x0000000008004280                Ramdisk_Write
 .text.Ramdisk_AddTextFile
                0x000000000800433c       0x58 bin/sources/modules/ramdisk.o
                0x000000000800433c                Ramdisk_AddTextFile
 .text.Ramdisk_GetSectors
                0x0000000008004394       0x14 bin/sources/modules/ramdisk.o
                0x0000000008004394                Ramdisk_GetSectors
 .text.Ramdisk_Init
                0x00000000080043a8       0xc0 bin/sources/modules/ramdisk.o
                0x00000000080043a8                Ramdisk_Init
 .text.Cgui_PrintNum
                0x0000000008004468      0x122 bin/sources/modules/cgui/cgui.o
 *fill*         0x000000000800458a        0x2 
 .text.Cgui_FillScreen
                0x000000000800458c       0x38 bin/sources/modules/cgui/cgui.o
                0x000000000800458c                Cgui_FillScreen
 .text.Cgui_DrawLine
                0x00000000080045c4      0x230 bin/sources/modules/cgui/cgui.o
                0x00000000080045c4                Cgui_DrawLine
 .text.Cgui_DrawFilledBox
                0x00000000080047f4       0xc0 bin/sources/modules/cgui/cgui.o
                0x00000000080047f4                Cgui_DrawFilledBox
 .text.Cgui_DrawImage
                0x00000000080048b4       0xfc bin/sources/modules/cgui/cgui.o
                0x00000000080048b4                Cgui_DrawImage
 .text.Cgui_Putc
                0x00000000080049b0       0xfc bin/sources/modules/cgui/cgui.o
                0x00000000080049b0                Cgui_Putc
 .text.Cgui_Puts
                0x0000000008004aac       0x94 bin/sources/modules/cgui/cgui.o
                0x0000000008004aac                Cgui_Puts
 .text.Cgui_Printf
                0x0000000008004b40      0x22e bin/sources/modules/cgui/cgui.o
                0x0000000008004b40                Cgui_Printf
 *fill*         0x0000000008004d6e        0x2 
 .text.Cgui_GetFontHeight
                0x0000000008004d70       0x18 bin/sources/modules/cgui/cgui.o
                0x0000000008004d70                Cgui_GetFontHeight
 .text.Cgui_GetFontWidth
                0x0000000008004d88       0x18 bin/sources/modules/cgui/cgui.o
                0x0000000008004d88                Cgui_GetFontWidth
 .text.Cgui_GetWidth
                0x0000000008004da0       0x14 bin/sources/modules/cgui/cgui.o
                0x0000000008004da0                Cgui_GetWidth
 .text.Cgui_GetHeight
                0x0000000008004db4       0x14 bin/sources/modules/cgui/cgui.o
                0x0000000008004db4                Cgui_GetHeight
 .text.Cgui_Init
                0x0000000008004dc8       0x44 bin/sources/modules/cgui/cgui.o
                0x0000000008004dc8                Cgui_Init
 .text.mathi_sin_find
                0x0000000008004e0c       0xcc bin/sources/utils/math.o
 .text.msin     0x0000000008004ed8       0x88 bin/sources/utils/math.o
                0x0000000008004ed8                msin
 .text.mcos     0x0000000008004f60       0x24 bin/sources/utils/math.o
                0x0000000008004f60                mcos
 .text.int_sqrt
                0x0000000008004f84       0x7e bin/sources/utils/math.o
                0x0000000008004f84                int_sqrt
 *fill*         0x0000000008005002        0x2 
 .text.Nav_GetDistanceDm
                0x0000000008005004      0x11c bin/sources/utils/nav.o
                0x0000000008005004                Nav_GetDistanceDm
 .text.Buttoni_Debounce
                0x0000000008005120       0x70 bin/sources/utils/button.o
 .text.Button   0x0000000008005190       0x9a bin/sources/utils/button.o
                0x0000000008005190                Button
 .text.Ring_Push
                0x000000000800522a       0x5c bin/sources/utils/ringbuf.o
                0x000000000800522a                Ring_Push
 .text.Ring_Pop
                0x0000000008005286       0x5c bin/sources/utils/ringbuf.o
                0x0000000008005286                Ring_Pop
 .text.Ring_Full
                0x00000000080052e2       0x46 bin/sources/utils/ringbuf.o
                0x00000000080052e2                Ring_Full
 .text.Ring_Empty
                0x0000000008005328       0x24 bin/sources/utils/ringbuf.o
                0x0000000008005328                Ring_Empty
 .text.Ring_Init
                0x000000000800534c       0x32 bin/sources/utils/ringbuf.o
                0x000000000800534c                Ring_Init
 *fill*         0x000000000800537e        0x2 
 .text.Timei_Systick
                0x0000000008005380       0x18 bin/sources/utils/time.o
 .text.millis   0x0000000008005398       0x14 bin/sources/utils/time.o
                0x0000000008005398                millis
 .text.delay_ms
                0x00000000080053ac       0x2c bin/sources/utils/time.o
                0x00000000080053ac                delay_ms
 .text.Time_Init
                0x00000000080053d8       0x1c bin/sources/utils/time.o
                0x00000000080053d8                Time_Init
 .text.exti_reset_request
                0x00000000080053f4        0xc ../external/AFW/sources/external/libopencm3/lib/libopencm3_stm32f0.a(exti_common_all.o)
                0x00000000080053f4                exti_reset_request
 .text.exti_get_flag_status
                0x0000000008005400        0xc ../external/AFW/sources/external/libopencm3/lib/libopencm3_stm32f0.a(exti_common_all.o)
                0x0000000008005400                exti_get_flag_status
 .text.gpio_set
                0x000000000800540c        0x4 ../external/AFW/sources/external/libopencm3/lib/libopencm3_stm32f0.a(gpio_common_all.o)
                0x000000000800540c                gpio_set
 .text.gpio_clear
                0x0000000008005410        0x6 ../external/AFW/sources/external/libopencm3/lib/libopencm3_stm32f0.a(gpio_common_all.o)
                0x0000000008005410                gpio_clear
 .text.gpio_get
                0x0000000008005416        0x6 ../external/AFW/sources/external/libopencm3/lib/libopencm3_stm32f0.a(gpio_common_all.o)
                0x0000000008005416                gpio_get
 .text.i2c_reset
                0x000000000800541c       0x2c ../external/AFW/sources/external/libopencm3/lib/libopencm3_stm32f0.a(i2c_common_v2.o)
                0x000000000800541c                i2c_reset
 .text.i2c_peripheral_enable
                0x0000000008005448        0xa ../external/AFW/sources/external/libopencm3/lib/libopencm3_stm32f0.a(i2c_common_v2.o)
                0x0000000008005448                i2c_peripheral_enable
 .text.i2c_peripheral_disable
                0x0000000008005452        0xa ../external/AFW/sources/external/libopencm3/lib/libopencm3_stm32f0.a(i2c_common_v2.o)
                0x0000000008005452                i2c_peripheral_disable
 .text.i2c_send_start
                0x000000000800545c        0xc ../external/AFW/sources/external/libopencm3/lib/libopencm3_stm32f0.a(i2c_common_v2.o)
                0x000000000800545c                i2c_send_start
 .text.i2c_send_data
                0x0000000008005468        0x4 ../external/AFW/sources/external/libopencm3/lib/libopencm3_stm32f0.a(i2c_common_v2.o)
                0x0000000008005468                i2c_send_data
 .text.i2c_get_data
                0x000000000800546c        0x6 ../external/AFW/sources/external/libopencm3/lib/libopencm3_stm32f0.a(i2c_common_v2.o)
                0x000000000800546c                i2c_get_data
 *fill*         0x0000000008005472        0x2 
 .text.i2c_enable_analog_filter
                0x0000000008005474       0x10 ../external/AFW/sources/external/libopencm3/lib/libopencm3_stm32f0.a(i2c_common_v2.o)
                0x0000000008005474                i2c_enable_analog_filter
 .text.i2c_set_digital_filter
                0x0000000008005484       0x14 ../external/AFW/sources/external/libopencm3/lib/libopencm3_stm32f0.a(i2c_common_v2.o)
                0x0000000008005484                i2c_set_digital_filter
 .text.i2c_set_prescaler
                0x0000000008005498        0xe ../external/AFW/sources/external/libopencm3/lib/libopencm3_stm32f0.a(i2c_common_v2.o)
                0x0000000008005498                i2c_set_prescaler
 *fill*         0x00000000080054a6        0x2 
 .text.i2c_set_data_setup_time
                0x00000000080054a8       0x14 ../external/AFW/sources/external/libopencm3/lib/libopencm3_stm32f0.a(i2c_common_v2.o)
                0x00000000080054a8                i2c_set_data_setup_time
 .text.i2c_set_data_hold_time
                0x00000000080054bc       0x14 ../external/AFW/sources/external/libopencm3/lib/libopencm3_stm32f0.a(i2c_common_v2.o)
                0x00000000080054bc                i2c_set_data_hold_time
 .text.i2c_set_scl_high_period
                0x00000000080054d0       0x14 ../external/AFW/sources/external/libopencm3/lib/libopencm3_stm32f0.a(i2c_common_v2.o)
                0x00000000080054d0                i2c_set_scl_high_period
 .text.i2c_set_scl_low_period
                0x00000000080054e4        0xc ../external/AFW/sources/external/libopencm3/lib/libopencm3_stm32f0.a(i2c_common_v2.o)
                0x00000000080054e4                i2c_set_scl_low_period
 .text.i2c_enable_stretching
                0x00000000080054f0       0x10 ../external/AFW/sources/external/libopencm3/lib/libopencm3_stm32f0.a(i2c_common_v2.o)
                0x00000000080054f0                i2c_enable_stretching
 .text.i2c_set_7bit_addr_mode
                0x0000000008005500       0x10 ../external/AFW/sources/external/libopencm3/lib/libopencm3_stm32f0.a(i2c_common_v2.o)
                0x0000000008005500                i2c_set_7bit_addr_mode
 .text.i2c_set_7bit_address
                0x0000000008005510       0x12 ../external/AFW/sources/external/libopencm3/lib/libopencm3_stm32f0.a(i2c_common_v2.o)
                0x0000000008005510                i2c_set_7bit_address
 *fill*         0x0000000008005522        0x2 
 .text.i2c_set_write_transfer_dir
                0x0000000008005524       0x10 ../external/AFW/sources/external/libopencm3/lib/libopencm3_stm32f0.a(i2c_common_v2.o)
                0x0000000008005524                i2c_set_write_transfer_dir
 .text.i2c_set_read_transfer_dir
                0x0000000008005534        0xc ../external/AFW/sources/external/libopencm3/lib/libopencm3_stm32f0.a(i2c_common_v2.o)
                0x0000000008005534                i2c_set_read_transfer_dir
 .text.i2c_set_bytes_to_transfer
                0x0000000008005540       0x14 ../external/AFW/sources/external/libopencm3/lib/libopencm3_stm32f0.a(i2c_common_v2.o)
                0x0000000008005540                i2c_set_bytes_to_transfer
 .text.i2c_enable_autoend
                0x0000000008005554        0xc ../external/AFW/sources/external/libopencm3/lib/libopencm3_stm32f0.a(i2c_common_v2.o)
                0x0000000008005554                i2c_enable_autoend
 .text.i2c_disable_autoend
                0x0000000008005560       0x10 ../external/AFW/sources/external/libopencm3/lib/libopencm3_stm32f0.a(i2c_common_v2.o)
                0x0000000008005560                i2c_disable_autoend
 .text.i2c_nack
                0x0000000008005570        0x8 ../external/AFW/sources/external/libopencm3/lib/libopencm3_stm32f0.a(i2c_common_v2.o)
                0x0000000008005570                i2c_nack
 .text.i2c_busy
                0x0000000008005578        0x8 ../external/AFW/sources/external/libopencm3/lib/libopencm3_stm32f0.a(i2c_common_v2.o)
                0x0000000008005578                i2c_busy
 .text.i2c_set_speed
                0x0000000008005580       0x5e ../external/AFW/sources/external/libopencm3/lib/libopencm3_stm32f0.a(i2c_common_v2.o)
                0x0000000008005580                i2c_set_speed
 *fill*         0x00000000080055de        0x2 
 .text.rcc_is_osc_ready
                0x00000000080055e0       0x54 ../external/AFW/sources/external/libopencm3/lib/libopencm3_stm32f0.a(rcc.o)
                0x00000000080055e0                rcc_is_osc_ready
 .text.rcc_wait_for_osc_ready
                0x0000000008005634       0x10 ../external/AFW/sources/external/libopencm3/lib/libopencm3_stm32f0.a(rcc.o)
                0x0000000008005634                rcc_wait_for_osc_ready
 .text.rcc_osc_on
                0x0000000008005644       0x54 ../external/AFW/sources/external/libopencm3/lib/libopencm3_stm32f0.a(rcc.o)
                0x0000000008005644                rcc_osc_on
 .text.rcc_set_sysclk_source
                0x0000000008005698       0x4c ../external/AFW/sources/external/libopencm3/lib/libopencm3_stm32f0.a(rcc.o)
                0x0000000008005698                rcc_set_sysclk_source
 .text.rcc_set_usbclk_source
                0x00000000080056e4       0x24 ../external/AFW/sources/external/libopencm3/lib/libopencm3_stm32f0.a(rcc.o)
                0x00000000080056e4                rcc_set_usbclk_source
 .text.rcc_set_pll_multiplication_factor
                0x0000000008005708       0x18 ../external/AFW/sources/external/libopencm3/lib/libopencm3_stm32f0.a(rcc.o)
                0x0000000008005708                rcc_set_pll_multiplication_factor
 .text.rcc_set_pll_source
                0x0000000008005720       0x18 ../external/AFW/sources/external/libopencm3/lib/libopencm3_stm32f0.a(rcc.o)
                0x0000000008005720                rcc_set_pll_source
 .text.rcc_set_ppre
                0x0000000008005738       0x18 ../external/AFW/sources/external/libopencm3/lib/libopencm3_stm32f0.a(rcc.o)
                0x0000000008005738                rcc_set_ppre
 .text.rcc_set_hpre
                0x0000000008005750       0x14 ../external/AFW/sources/external/libopencm3/lib/libopencm3_stm32f0.a(rcc.o)
                0x0000000008005750                rcc_set_hpre
 .text.rcc_set_prediv
                0x0000000008005764       0x14 ../external/AFW/sources/external/libopencm3/lib/libopencm3_stm32f0.a(rcc.o)
                0x0000000008005764                rcc_set_prediv
 .text.rcc_set_i2c_clock_hsi
                0x0000000008005778       0x1c ../external/AFW/sources/external/libopencm3/lib/libopencm3_stm32f0.a(rcc.o)
                0x0000000008005778                rcc_set_i2c_clock_hsi
 .text.rcc_set_i2c_clock_sysclk
                0x0000000008005794       0x1c ../external/AFW/sources/external/libopencm3/lib/libopencm3_stm32f0.a(rcc.o)
                0x0000000008005794                rcc_set_i2c_clock_sysclk
 .text.rcc_periph_clock_enable
                0x00000000080057b0       0x1c ../external/AFW/sources/external/libopencm3/lib/libopencm3_stm32f0.a(rcc_common_all.o)
                0x00000000080057b0                rcc_periph_clock_enable
 .text.rcc_periph_reset_pulse
                0x00000000080057cc       0x20 ../external/AFW/sources/external/libopencm3/lib/libopencm3_stm32f0.a(rcc_common_all.o)
                0x00000000080057cc                rcc_periph_reset_pulse
 .text.rtc_unlock
                0x00000000080057ec       0x10 ../external/AFW/sources/external/libopencm3/lib/libopencm3_stm32f0.a(rtc_common_l1f024.o)
                0x00000000080057ec                rtc_unlock
 .text.rtc_lock
                0x00000000080057fc        0xc ../external/AFW/sources/external/libopencm3/lib/libopencm3_stm32f0.a(rtc_common_l1f024.o)
                0x00000000080057fc                rtc_lock
 .text.spi_reset
                0x0000000008005808       0x28 ../external/AFW/sources/external/libopencm3/lib/libopencm3_stm32f0.a(spi_common_all.o)
                0x0000000008005808                spi_reset
 .text.spi_enable
                0x0000000008005830        0xa ../external/AFW/sources/external/libopencm3/lib/libopencm3_stm32f0.a(spi_common_all.o)
                0x0000000008005830                spi_enable
 *fill*         0x000000000800583a        0x2 
 .text.spi_set_unidirectional_mode
                0x000000000800583c       0x10 ../external/AFW/sources/external/libopencm3/lib/libopencm3_stm32f0.a(spi_common_all.o)
                0x000000000800583c                spi_set_unidirectional_mode
 .text.spi_set_full_duplex_mode
                0x000000000800584c       0x10 ../external/AFW/sources/external/libopencm3/lib/libopencm3_stm32f0.a(spi_common_all.o)
                0x000000000800584c                spi_set_full_duplex_mode
 .text.spi_enable_software_slave_management
                0x000000000800585c       0x14 ../external/AFW/sources/external/libopencm3/lib/libopencm3_stm32f0.a(spi_common_all.o)
                0x000000000800585c                spi_enable_software_slave_management
 .text.spi_set_nss_high
                0x0000000008005870        0xc ../external/AFW/sources/external/libopencm3/lib/libopencm3_stm32f0.a(spi_common_all.o)
                0x0000000008005870                spi_set_nss_high
 .text.spi_send_msb_first
                0x000000000800587c        0xa ../external/AFW/sources/external/libopencm3/lib/libopencm3_stm32f0.a(spi_common_all.o)
                0x000000000800587c                spi_send_msb_first
 *fill*         0x0000000008005886        0x2 
 .text.spi_set_baudrate_prescaler
                0x0000000008005888       0x18 ../external/AFW/sources/external/libopencm3/lib/libopencm3_stm32f0.a(spi_common_all.o)
                0x0000000008005888                spi_set_baudrate_prescaler
 .text.spi_set_master_mode
                0x00000000080058a0        0xa ../external/AFW/sources/external/libopencm3/lib/libopencm3_stm32f0.a(spi_common_all.o)
                0x00000000080058a0                spi_set_master_mode
 .text.spi_set_clock_polarity_1
                0x00000000080058aa        0xa ../external/AFW/sources/external/libopencm3/lib/libopencm3_stm32f0.a(spi_common_all.o)
                0x00000000080058aa                spi_set_clock_polarity_1
 .text.spi_set_clock_polarity_0
                0x00000000080058b4        0xa ../external/AFW/sources/external/libopencm3/lib/libopencm3_stm32f0.a(spi_common_all.o)
                0x00000000080058b4                spi_set_clock_polarity_0
 .text.spi_set_clock_phase_1
                0x00000000080058be        0xa ../external/AFW/sources/external/libopencm3/lib/libopencm3_stm32f0.a(spi_common_all.o)
                0x00000000080058be                spi_set_clock_phase_1
 .text.spi_set_clock_phase_0
                0x00000000080058c8        0xa ../external/AFW/sources/external/libopencm3/lib/libopencm3_stm32f0.a(spi_common_all.o)
                0x00000000080058c8                spi_set_clock_phase_0
 .text.spi_enable_ss_output
                0x00000000080058d2        0xa ../external/AFW/sources/external/libopencm3/lib/libopencm3_stm32f0.a(spi_common_all.o)
                0x00000000080058d2                spi_enable_ss_output
 .text.spi_set_data_size
                0x00000000080058dc       0x18 ../external/AFW/sources/external/libopencm3/lib/libopencm3_stm32f0.a(spi_common_v2.o)
                0x00000000080058dc                spi_set_data_size
 .text.spi_fifo_reception_threshold_8bit
                0x00000000080058f4        0xc ../external/AFW/sources/external/libopencm3/lib/libopencm3_stm32f0.a(spi_common_v2.o)
                0x00000000080058f4                spi_fifo_reception_threshold_8bit
 .text.usart_set_baudrate
                0x0000000008005900       0x18 ../external/AFW/sources/external/libopencm3/lib/libopencm3_stm32f0.a(usart_common_all.o)
                0x0000000008005900                usart_set_baudrate
 .text.usart_set_databits
                0x0000000008005918       0x1c ../external/AFW/sources/external/libopencm3/lib/libopencm3_stm32f0.a(usart_common_all.o)
                0x0000000008005918                usart_set_databits
 .text.usart_set_stopbits
                0x0000000008005934       0x10 ../external/AFW/sources/external/libopencm3/lib/libopencm3_stm32f0.a(usart_common_all.o)
                0x0000000008005934                usart_set_stopbits
 .text.usart_set_parity
                0x0000000008005944       0x10 ../external/AFW/sources/external/libopencm3/lib/libopencm3_stm32f0.a(usart_common_all.o)
                0x0000000008005944                usart_set_parity
 .text.usart_set_mode
                0x0000000008005954        0xc ../external/AFW/sources/external/libopencm3/lib/libopencm3_stm32f0.a(usart_common_all.o)
                0x0000000008005954                usart_set_mode
 .text.usart_set_flow_control
                0x0000000008005960       0x10 ../external/AFW/sources/external/libopencm3/lib/libopencm3_stm32f0.a(usart_common_all.o)
                0x0000000008005960                usart_set_flow_control
 .text.usart_enable
                0x0000000008005970        0xa ../external/AFW/sources/external/libopencm3/lib/libopencm3_stm32f0.a(usart_common_all.o)
                0x0000000008005970                usart_enable
 .text.usart_send_blocking
                0x000000000800597a       0x14 ../external/AFW/sources/external/libopencm3/lib/libopencm3_stm32f0.a(usart_common_all.o)
                0x000000000800597a                usart_send_blocking
 .text.usart_enable_rx_interrupt
                0x000000000800598e        0xa ../external/AFW/sources/external/libopencm3/lib/libopencm3_stm32f0.a(usart_common_all.o)
                0x000000000800598e                usart_enable_rx_interrupt
 .text.usart_send
                0x0000000008005998        0x8 ../external/AFW/sources/external/libopencm3/lib/libopencm3_stm32f0.a(usart_common_v2.o)
                0x0000000008005998                usart_send
 .text.usart_recv
                0x00000000080059a0        0x8 ../external/AFW/sources/external/libopencm3/lib/libopencm3_stm32f0.a(usart_common_v2.o)
                0x00000000080059a0                usart_recv
 .text.usart_wait_send_ready
                0x00000000080059a8        0xa ../external/AFW/sources/external/libopencm3/lib/libopencm3_stm32f0.a(usart_common_v2.o)
                0x00000000080059a8                usart_wait_send_ready
 *fill*         0x00000000080059b2        0x2 
 .text.usbd_init
                0x00000000080059b4       0x54 ../external/AFW/sources/external/libopencm3/lib/libopencm3_stm32f0.a(usb.o)
                0x00000000080059b4                usbd_init
 .text.usbd_poll
                0x0000000008005a08        0xe ../external/AFW/sources/external/libopencm3/lib/libopencm3_stm32f0.a(usb.o)
                0x0000000008005a08                usbd_poll
 .text.usbd_ep_setup
                0x0000000008005a16       0x12 ../external/AFW/sources/external/libopencm3/lib/libopencm3_stm32f0.a(usb.o)
                0x0000000008005a16                usbd_ep_setup
 .text._usbd_reset
                0x0000000008005a28       0x2e ../external/AFW/sources/external/libopencm3/lib/libopencm3_stm32f0.a(usb.o)
                0x0000000008005a28                _usbd_reset
 .text.usbd_ep_write_packet
                0x0000000008005a56        0xe ../external/AFW/sources/external/libopencm3/lib/libopencm3_stm32f0.a(usb.o)
                0x0000000008005a56                usbd_ep_write_packet
 .text.usbd_ep_read_packet
                0x0000000008005a64        0xe ../external/AFW/sources/external/libopencm3/lib/libopencm3_stm32f0.a(usb.o)
                0x0000000008005a64                usbd_ep_read_packet
 .text.usbd_ep_stall_set
                0x0000000008005a72        0xe ../external/AFW/sources/external/libopencm3/lib/libopencm3_stm32f0.a(usb.o)
                0x0000000008005a72                usbd_ep_stall_set
 .text.usbd_ep_stall_get
                0x0000000008005a80        0xe ../external/AFW/sources/external/libopencm3/lib/libopencm3_stm32f0.a(usb.o)
                0x0000000008005a80                usbd_ep_stall_get
 .text.usbd_ep_nak_set
                0x0000000008005a8e        0xe ../external/AFW/sources/external/libopencm3/lib/libopencm3_stm32f0.a(usb.o)
                0x0000000008005a8e                usbd_ep_nak_set
 .text.usb_control_send_chunk
                0x0000000008005a9c       0x50 ../external/AFW/sources/external/libopencm3/lib/libopencm3_stm32f0.a(usb_control.o)
 .text.usb_control_request_dispatch
                0x0000000008005aec       0x66 ../external/AFW/sources/external/libopencm3/lib/libopencm3_stm32f0.a(usb_control.o)
 .text.stall_transaction
                0x0000000008005b52       0x14 ../external/AFW/sources/external/libopencm3/lib/libopencm3_stm32f0.a(usb_control.o)
 .text.usb_control_recv_chunk
                0x0000000008005b66       0x3e ../external/AFW/sources/external/libopencm3/lib/libopencm3_stm32f0.a(usb_control.o)
 .text.usb_control_setup_read
                0x0000000008005ba4       0x68 ../external/AFW/sources/external/libopencm3/lib/libopencm3_stm32f0.a(usb_control.o)
 .text.usbd_register_control_callback
                0x0000000008005c0c       0x30 ../external/AFW/sources/external/libopencm3/lib/libopencm3_stm32f0.a(usb_control.o)
                0x0000000008005c0c                usbd_register_control_callback
 .text._usbd_control_setup
                0x0000000008005c3c       0x6a ../external/AFW/sources/external/libopencm3/lib/libopencm3_stm32f0.a(usb_control.o)
                0x0000000008005c3c                _usbd_control_setup
 .text._usbd_control_out
                0x0000000008005ca6       0x82 ../external/AFW/sources/external/libopencm3/lib/libopencm3_stm32f0.a(usb_control.o)
                0x0000000008005ca6                _usbd_control_out
 .text._usbd_control_in
                0x0000000008005d28       0x60 ../external/AFW/sources/external/libopencm3/lib/libopencm3_stm32f0.a(usb_control.o)
                0x0000000008005d28                _usbd_control_in
 .text.usb_standard_set_address
                0x0000000008005d88       0x36 ../external/AFW/sources/external/libopencm3/lib/libopencm3_stm32f0.a(usb_standard.o)
 .text.usb_standard_set_configuration
                0x0000000008005dbe       0xb8 ../external/AFW/sources/external/libopencm3/lib/libopencm3_stm32f0.a(usb_standard.o)
 .text.usb_standard_get_configuration
                0x0000000008005e76       0x2a ../external/AFW/sources/external/libopencm3/lib/libopencm3_stm32f0.a(usb_standard.o)
 .text.usb_standard_get_interface
                0x0000000008005ea0       0x50 ../external/AFW/sources/external/libopencm3/lib/libopencm3_stm32f0.a(usb_standard.o)
 .text.usb_standard_device_get_status
                0x0000000008005ef0       0x18 ../external/AFW/sources/external/libopencm3/lib/libopencm3_stm32f0.a(usb_standard.o)
 .text.usb_standard_endpoint_get_status
                0x0000000008005f08       0x26 ../external/AFW/sources/external/libopencm3/lib/libopencm3_stm32f0.a(usb_standard.o)
 .text.usb_standard_endpoint_stall
                0x0000000008005f2e        0xe ../external/AFW/sources/external/libopencm3/lib/libopencm3_stm32f0.a(usb_standard.o)
 .text.usb_standard_endpoint_unstall
                0x0000000008005f3c        0xe ../external/AFW/sources/external/libopencm3/lib/libopencm3_stm32f0.a(usb_standard.o)
 .text.usb_standard_set_interface
                0x0000000008005f4a       0x7c ../external/AFW/sources/external/libopencm3/lib/libopencm3_stm32f0.a(usb_standard.o)
 *fill*         0x0000000008005fc6        0x2 
 .text.usb_standard_get_descriptor
                0x0000000008005fc8      0x358 ../external/AFW/sources/external/libopencm3/lib/libopencm3_stm32f0.a(usb_standard.o)
 .text.usb_standard_interface_get_status
                0x0000000008006320       0x18 ../external/AFW/sources/external/libopencm3/lib/libopencm3_stm32f0.a(usb_standard.o)
 .text.usbd_register_set_config_callback
                0x0000000008006338       0x2e ../external/AFW/sources/external/libopencm3/lib/libopencm3_stm32f0.a(usb_standard.o)
                0x0000000008006338                usbd_register_set_config_callback
 *fill*         0x0000000008006366        0x2 
 .text._usbd_standard_request_device
                0x0000000008006368       0x48 ../external/AFW/sources/external/libopencm3/lib/libopencm3_stm32f0.a(usb_standard.o)
                0x0000000008006368                _usbd_standard_request_device
 .text._usbd_standard_request_interface
                0x00000000080063b0       0x30 ../external/AFW/sources/external/libopencm3/lib/libopencm3_stm32f0.a(usb_standard.o)
                0x00000000080063b0                _usbd_standard_request_interface
 .text._usbd_standard_request_endpoint
                0x00000000080063e0       0x4c ../external/AFW/sources/external/libopencm3/lib/libopencm3_stm32f0.a(usb_standard.o)
                0x00000000080063e0                _usbd_standard_request_endpoint
 .text._usbd_standard_request
                0x000000000800642c       0x38 ../external/AFW/sources/external/libopencm3/lib/libopencm3_stm32f0.a(usb_standard.o)
                0x000000000800642c                _usbd_standard_request
 .text.msc_control_request
                0x0000000008006464       0x1c ../external/AFW/sources/external/libopencm3/lib/libopencm3_stm32f0.a(usb_msc.o)
 .text.msc_set_config
                0x0000000008006480       0x44 ../external/AFW/sources/external/libopencm3/lib/libopencm3_stm32f0.a(usb_msc.o)
 .text.scsi_command.constprop.0
                0x00000000080064c4      0x288 ../external/AFW/sources/external/libopencm3/lib/libopencm3_stm32f0.a(usb_msc.o)
 .text.msc_data_tx_cb
                0x000000000800674c       0xe0 ../external/AFW/sources/external/libopencm3/lib/libopencm3_stm32f0.a(usb_msc.o)
 .text.msc_data_rx_cb
                0x000000000800682c      0x17c ../external/AFW/sources/external/libopencm3/lib/libopencm3_stm32f0.a(usb_msc.o)
 .text.usb_msc_init
                0x00000000080069a8       0x6c ../external/AFW/sources/external/libopencm3/lib/libopencm3_stm32f0.a(usb_msc.o)
                0x00000000080069a8                usb_msc_init
 .text.st_usbfs_v2_disconnect
                0x0000000008006a14       0x20 ../external/AFW/sources/external/libopencm3/lib/libopencm3_stm32f0.a(st_usbfs_v2.o)
 .text.st_usbfs_v2_usbd_init
                0x0000000008006a34       0x40 ../external/AFW/sources/external/libopencm3/lib/libopencm3_stm32f0.a(st_usbfs_v2.o)
 .text.st_usbfs_copy_to_pm
                0x0000000008006a74       0x1c ../external/AFW/sources/external/libopencm3/lib/libopencm3_stm32f0.a(st_usbfs_v2.o)
                0x0000000008006a74                st_usbfs_copy_to_pm
 .text.st_usbfs_copy_from_pm
                0x0000000008006a90       0x54 ../external/AFW/sources/external/libopencm3/lib/libopencm3_stm32f0.a(st_usbfs_v2.o)
                0x0000000008006a90                st_usbfs_copy_from_pm
 .text.blocking_handler
                0x0000000008006ae4        0x2 ../external/AFW/sources/external/libopencm3/lib/libopencm3_stm32f0.a(vector.o)
                0x0000000008006ae4                dma1_channel2_3_dma2_channel1_2_isr
                0x0000000008006ae4                tim7_isr
                0x0000000008006ae4                dma1_channel4_7_dma2_channel3_5_isr
                0x0000000008006ae4                blocking_handler
                0x0000000008006ae4                tsc_isr
                0x0000000008006ae4                spi1_isr
                0x0000000008006ae4                i2c1_isr
                0x0000000008006ae4                tim17_isr
                0x0000000008006ae4                i2c2_isr
                0x0000000008006ae4                tim1_cc_isr
                0x0000000008006ae4                tim16_isr
                0x0000000008006ae4                pvd_isr
                0x0000000008006ae4                rcc_isr
                0x0000000008006ae4                flash_isr
                0x0000000008006ae4                hard_fault_handler
                0x0000000008006ae4                tim14_isr
                0x0000000008006ae4                spi2_isr
                0x0000000008006ae4                usb_isr
                0x0000000008006ae4                tim15_isr
                0x0000000008006ae4                tim3_isr
                0x0000000008006ae4                adc_comp_isr
                0x0000000008006ae4                dma1_channel1_isr
                0x0000000008006ae4                tim6_dac_isr
                0x0000000008006ae4                tim1_brk_up_trg_com_isr
                0x0000000008006ae4                cec_can_isr
                0x0000000008006ae4                wwdg_isr
                0x0000000008006ae4                tim2_isr
 .text.null_handler
                0x0000000008006ae6        0x2 ../external/AFW/sources/external/libopencm3/lib/libopencm3_stm32f0.a(vector.o)
                0x0000000008006ae6                null_handler
                0x0000000008006ae6                sv_call_handler
                0x0000000008006ae6                pend_sv_handler
                0x0000000008006ae6                nmi_handler
 .text.reset_handler
                0x0000000008006ae8       0x88 ../external/AFW/sources/external/libopencm3/lib/libopencm3_stm32f0.a(vector.o)
                0x0000000008006ae8                reset_handler
 .text.systick_set_clocksource
                0x0000000008006b70       0x14 ../external/AFW/sources/external/libopencm3/lib/libopencm3_stm32f0.a(systick.o)
                0x0000000008006b70                systick_set_clocksource
 .text.systick_set_frequency
                0x0000000008006b84       0x28 ../external/AFW/sources/external/libopencm3/lib/libopencm3_stm32f0.a(systick.o)
                0x0000000008006b84                systick_set_frequency
 .text.systick_interrupt_enable
                0x0000000008006bac       0x10 ../external/AFW/sources/external/libopencm3/lib/libopencm3_stm32f0.a(systick.o)
                0x0000000008006bac                systick_interrupt_enable
 .text.systick_counter_enable
                0x0000000008006bbc       0x10 ../external/AFW/sources/external/libopencm3/lib/libopencm3_stm32f0.a(systick.o)
                0x0000000008006bbc                systick_counter_enable
 .text.systick_clear
                0x0000000008006bcc        0xc ../external/AFW/sources/external/libopencm3/lib/libopencm3_stm32f0.a(systick.o)
                0x0000000008006bcc                systick_clear
 .text.nvic_enable_irq
                0x0000000008006bd8       0x18 ../external/AFW/sources/external/libopencm3/lib/libopencm3_stm32f0.a(nvic.o)
                0x0000000008006bd8                nvic_enable_irq
 .text.st_usbfs_set_address
                0x0000000008006bf0       0x10 ../external/AFW/sources/external/libopencm3/lib/libopencm3_stm32f0.a(st_usbfs_core.o)
                0x0000000008006bf0                st_usbfs_set_address
 .text.st_usbfs_set_ep_rx_bufsize
                0x0000000008006c00       0x38 ../external/AFW/sources/external/libopencm3/lib/libopencm3_stm32f0.a(st_usbfs_core.o)
                0x0000000008006c00                st_usbfs_set_ep_rx_bufsize
 .text.st_usbfs_ep_setup
                0x0000000008006c38      0x114 ../external/AFW/sources/external/libopencm3/lib/libopencm3_stm32f0.a(st_usbfs_core.o)
                0x0000000008006c38                st_usbfs_ep_setup
 .text.st_usbfs_endpoints_reset
                0x0000000008006d4c       0x44 ../external/AFW/sources/external/libopencm3/lib/libopencm3_stm32f0.a(st_usbfs_core.o)
                0x0000000008006d4c                st_usbfs_endpoints_reset
 .text.st_usbfs_ep_stall_set
                0x0000000008006d90       0xa4 ../external/AFW/sources/external/libopencm3/lib/libopencm3_stm32f0.a(st_usbfs_core.o)
                0x0000000008006d90                st_usbfs_ep_stall_set
 .text.st_usbfs_ep_stall_get
                0x0000000008006e34       0x3c ../external/AFW/sources/external/libopencm3/lib/libopencm3_stm32f0.a(st_usbfs_core.o)
                0x0000000008006e34                st_usbfs_ep_stall_get
 .text.st_usbfs_ep_nak_set
                0x0000000008006e70       0x4c ../external/AFW/sources/external/libopencm3/lib/libopencm3_stm32f0.a(st_usbfs_core.o)
                0x0000000008006e70                st_usbfs_ep_nak_set
 .text.st_usbfs_ep_write_packet
                0x0000000008006ebc       0x74 ../external/AFW/sources/external/libopencm3/lib/libopencm3_stm32f0.a(st_usbfs_core.o)
                0x0000000008006ebc                st_usbfs_ep_write_packet
 .text.st_usbfs_ep_read_packet
                0x0000000008006f30       0xa8 ../external/AFW/sources/external/libopencm3/lib/libopencm3_stm32f0.a(st_usbfs_core.o)
                0x0000000008006f30                st_usbfs_ep_read_packet
 .text.st_usbfs_poll
                0x0000000008006fd8       0xfc ../external/AFW/sources/external/libopencm3/lib/libopencm3_stm32f0.a(st_usbfs_core.o)
                0x0000000008006fd8                st_usbfs_poll
 .text.gmtime   0x00000000080070d4       0x24 /usr/lib/gcc/arm-none-eabi/9.2.0/../../../../arm-none-eabi/lib/thumb/v6-m/nofp/libc_nano.a(lib_a-gmtime.o)
                0x00000000080070d4                gmtime
 .text.gmtime_r
                0x00000000080070f8      0x1a0 /usr/lib/gcc/arm-none-eabi/9.2.0/../../../../arm-none-eabi/lib/thumb/v6-m/nofp/libc_nano.a(lib_a-gmtime_r.o)
                0x00000000080070f8                gmtime_r
 .text.localtime
                0x0000000008007298       0x24 /usr/lib/gcc/arm-none-eabi/9.2.0/../../../../arm-none-eabi/lib/thumb/v6-m/nofp/libc_nano.a(lib_a-lcltime.o)
                0x0000000008007298                localtime
 .text.localtime_r
                0x00000000080072bc      0x204 /usr/lib/gcc/arm-none-eabi/9.2.0/../../../../arm-none-eabi/lib/thumb/v6-m/nofp/libc_nano.a(lib_a-lcltime_r.o)
                0x00000000080072bc                localtime_r
 .text.malloc   0x00000000080074c0       0x14 /usr/lib/gcc/arm-none-eabi/9.2.0/../../../../arm-none-eabi/lib/thumb/v6-m/nofp/libc_nano.a(lib_a-malloc.o)
                0x00000000080074c0                malloc
 .text.free     0x00000000080074d4       0x14 /usr/lib/gcc/arm-none-eabi/9.2.0/../../../../arm-none-eabi/lib/thumb/v6-m/nofp/libc_nano.a(lib_a-malloc.o)
                0x00000000080074d4                free
 .text.memcpy   0x00000000080074e8       0x12 /usr/lib/gcc/arm-none-eabi/9.2.0/../../../../arm-none-eabi/lib/thumb/v6-m/nofp/libc_nano.a(lib_a-memcpy-stub.o)
                0x00000000080074e8                memcpy
 .text.memset   0x00000000080074fa       0x10 /usr/lib/gcc/arm-none-eabi/9.2.0/../../../../arm-none-eabi/lib/thumb/v6-m/nofp/libc_nano.a(lib_a-memset.o)
                0x00000000080074fa                memset
 *fill*         0x000000000800750a        0x2 
 .text.validate_structure
                0x000000000800750c      0x18c /usr/lib/gcc/arm-none-eabi/9.2.0/../../../../arm-none-eabi/lib/thumb/v6-m/nofp/libc_nano.a(lib_a-mktime.o)
 .text.mktime   0x0000000008007698      0x390 /usr/lib/gcc/arm-none-eabi/9.2.0/../../../../arm-none-eabi/lib/thumb/v6-m/nofp/libc_nano.a(lib_a-mktime.o)
                0x0000000008007698                mktime
 .text._free_r  0x0000000008007a28       0x94 /usr/lib/gcc/arm-none-eabi/9.2.0/../../../../arm-none-eabi/lib/thumb/v6-m/nofp/libc_nano.a(lib_a-nano-freer.o)
                0x0000000008007a28                _free_r
 .text._malloc_r
                0x0000000008007abc       0xbc /usr/lib/gcc/arm-none-eabi/9.2.0/../../../../arm-none-eabi/lib/thumb/v6-m/nofp/libc_nano.a(lib_a-nano-mallocr.o)
                0x0000000008007abc                _malloc_r
 .text._sbrk_r  0x0000000008007b78       0x24 /usr/lib/gcc/arm-none-eabi/9.2.0/../../../../arm-none-eabi/lib/thumb/v6-m/nofp/libc_nano.a(lib_a-sbrkr.o)
                0x0000000008007b78                _sbrk_r
 .text          0x0000000008007b9c        0xe /usr/lib/gcc/arm-none-eabi/9.2.0/../../../../arm-none-eabi/lib/thumb/v6-m/nofp/libc_nano.a(lib_a-strlen.o)
                0x0000000008007b9c                strlen
 .text.strncmp  0x0000000008007baa       0x22 /usr/lib/gcc/arm-none-eabi/9.2.0/../../../../arm-none-eabi/lib/thumb/v6-m/nofp/libc_nano.a(lib_a-strncmp.o)
                0x0000000008007baa                strncmp
 .text.strncpy  0x0000000008007bcc       0x28 /usr/lib/gcc/arm-none-eabi/9.2.0/../../../../arm-none-eabi/lib/thumb/v6-m/nofp/libc_nano.a(lib_a-strncpy.o)
                0x0000000008007bcc                strncpy
 .text.__tzcalc_limits
                0x0000000008007bf4      0x158 /usr/lib/gcc/arm-none-eabi/9.2.0/../../../../arm-none-eabi/lib/thumb/v6-m/nofp/libc_nano.a(lib_a-tzcalc_limits.o)
                0x0000000008007bf4                __tzcalc_limits
 .text.__tz_lock
                0x0000000008007d4c       0x10 /usr/lib/gcc/arm-none-eabi/9.2.0/../../../../arm-none-eabi/lib/thumb/v6-m/nofp/libc_nano.a(lib_a-tzlock.o)
                0x0000000008007d4c                __tz_lock
 .text.__tz_unlock
                0x0000000008007d5c       0x10 /usr/lib/gcc/arm-none-eabi/9.2.0/../../../../arm-none-eabi/lib/thumb/v6-m/nofp/libc_nano.a(lib_a-tzlock.o)
                0x0000000008007d5c                __tz_unlock
 .text._tzset_unlocked
                0x0000000008007d6c       0x10 /usr/lib/gcc/arm-none-eabi/9.2.0/../../../../arm-none-eabi/lib/thumb/v6-m/nofp/libc_nano.a(lib_a-tzset.o)
                0x0000000008007d6c                _tzset_unlocked
 .text._tzset_unlocked_r
                0x0000000008007d7c      0x308 /usr/lib/gcc/arm-none-eabi/9.2.0/../../../../arm-none-eabi/lib/thumb/v6-m/nofp/libc_nano.a(lib_a-tzset_r.o)
                0x0000000008007d7c                _tzset_unlocked_r
 .text.div      0x0000000008008084       0x2e /usr/lib/gcc/arm-none-eabi/9.2.0/../../../../arm-none-eabi/lib/thumb/v6-m/nofp/libc_nano.a(lib_a-div.o)
                0x0000000008008084                div
 *fill*         0x00000000080080b2        0x2 
 .text._findenv_r
                0x00000000080080b4       0x78 /usr/lib/gcc/arm-none-eabi/9.2.0/../../../../arm-none-eabi/lib/thumb/v6-m/nofp/libc_nano.a(lib_a-getenv_r.o)
                0x00000000080080b4                _findenv_r
 .text._getenv_r
                0x000000000800812c        0xa /usr/lib/gcc/arm-none-eabi/9.2.0/../../../../arm-none-eabi/lib/thumb/v6-m/nofp/libc_nano.a(lib_a-getenv_r.o)
                0x000000000800812c                _getenv_r
 *fill*         0x0000000008008136        0x2 
 .text.__gettzinfo
                0x0000000008008138        0x8 /usr/lib/gcc/arm-none-eabi/9.2.0/../../../../arm-none-eabi/lib/thumb/v6-m/nofp/libc_nano.a(lib_a-gettzinfo.o)
                0x0000000008008138                __gettzinfo
 .text.__retarget_lock_acquire
                0x0000000008008140        0x2 /usr/lib/gcc/arm-none-eabi/9.2.0/../../../../arm-none-eabi/lib/thumb/v6-m/nofp/libc_nano.a(lib_a-lock.o)
                0x0000000008008140                __retarget_lock_acquire
 .text.__retarget_lock_acquire_recursive
                0x0000000008008142        0x2 /usr/lib/gcc/arm-none-eabi/9.2.0/../../../../arm-none-eabi/lib/thumb/v6-m/nofp/libc_nano.a(lib_a-lock.o)
                0x0000000008008142                __retarget_lock_acquire_recursive
 .text.__retarget_lock_release
                0x0000000008008144        0x2 /usr/lib/gcc/arm-none-eabi/9.2.0/../../../../arm-none-eabi/lib/thumb/v6-m/nofp/libc_nano.a(lib_a-lock.o)
                0x0000000008008144                __retarget_lock_release
 .text.__retarget_lock_release_recursive
                0x0000000008008146        0x2 /usr/lib/gcc/arm-none-eabi/9.2.0/../../../../arm-none-eabi/lib/thumb/v6-m/nofp/libc_nano.a(lib_a-lock.o)
                0x0000000008008146                __retarget_lock_release_recursive
 .text.__malloc_lock
                0x0000000008008148       0x10 /usr/lib/gcc/arm-none-eabi/9.2.0/../../../../arm-none-eabi/lib/thumb/v6-m/nofp/libc_nano.a(lib_a-mlock.o)
                0x0000000008008148                __malloc_lock
 .text.__malloc_unlock
                0x0000000008008158       0x10 /usr/lib/gcc/arm-none-eabi/9.2.0/../../../../arm-none-eabi/lib/thumb/v6-m/nofp/libc_nano.a(lib_a-mlock.o)
                0x0000000008008158                __malloc_unlock
 .text.sscanf   0x0000000008008168       0x50 /usr/lib/gcc/arm-none-eabi/9.2.0/../../../../arm-none-eabi/lib/thumb/v6-m/nofp/libc_nano.a(lib_a-sscanf.o)
                0x0000000008008168                sscanf
                0x0000000008008168                siscanf
 .text.__seofread
                0x00000000080081b8        0x4 /usr/lib/gcc/arm-none-eabi/9.2.0/../../../../arm-none-eabi/lib/thumb/v6-m/nofp/libc_nano.a(lib_a-stdio.o)
                0x00000000080081b8                __seofread
 .text          0x00000000080081bc       0x14 /usr/lib/gcc/arm-none-eabi/9.2.0/../../../../arm-none-eabi/lib/thumb/v6-m/nofp/libc_nano.a(lib_a-strcmp.o)
                0x00000000080081bc                strcmp
 .text.strcpy   0x00000000080081d0       0x10 /usr/lib/gcc/arm-none-eabi/9.2.0/../../../../arm-none-eabi/lib/thumb/v6-m/nofp/libc_nano.a(lib_a-strcpy.o)
                0x00000000080081d0                strcpy
 .text._strtoul_l.isra.0
                0x00000000080081e0      0x118 /usr/lib/gcc/arm-none-eabi/9.2.0/../../../../arm-none-eabi/lib/thumb/v6-m/nofp/libc_nano.a(lib_a-strtoul.o)
 .text._strtoul_r
                0x00000000080082f8        0x8 /usr/lib/gcc/arm-none-eabi/9.2.0/../../../../arm-none-eabi/lib/thumb/v6-m/nofp/libc_nano.a(lib_a-strtoul.o)
                0x00000000080082f8                _strtoul_r
 .text.strtoul  0x0000000008008300       0x18 /usr/lib/gcc/arm-none-eabi/9.2.0/../../../../arm-none-eabi/lib/thumb/v6-m/nofp/libc_nano.a(lib_a-strtoul.o)
                0x0000000008008300                strtoul
 .text.__env_lock
                0x0000000008008318       0x10 /usr/lib/gcc/arm-none-eabi/9.2.0/../../../../arm-none-eabi/lib/thumb/v6-m/nofp/libc_nano.a(lib_a-envlock.o)
                0x0000000008008318                __env_lock
 .text.__env_unlock
                0x0000000008008328       0x10 /usr/lib/gcc/arm-none-eabi/9.2.0/../../../../arm-none-eabi/lib/thumb/v6-m/nofp/libc_nano.a(lib_a-envlock.o)
                0x0000000008008328                __env_unlock
 .text.memchr   0x0000000008008338       0x16 /usr/lib/gcc/arm-none-eabi/9.2.0/../../../../arm-none-eabi/lib/thumb/v6-m/nofp/libc_nano.a(lib_a-memchr-stub.o)
                0x0000000008008338                memchr
 .text._realloc_r
                0x000000000800834e       0x4c /usr/lib/gcc/arm-none-eabi/9.2.0/../../../../arm-none-eabi/lib/thumb/v6-m/nofp/libc_nano.a(lib_a-nano-reallocr.o)
                0x000000000800834e                _realloc_r
 .text._sungetc_r
                0x000000000800839a       0x78 /usr/lib/gcc/arm-none-eabi/9.2.0/../../../../arm-none-eabi/lib/thumb/v6-m/nofp/libc_nano.a(lib_a-nano-svfscanf.o)
                0x000000000800839a                _sungetc_r
 .text.__ssrefill_r
                0x0000000008008412       0x3e /usr/lib/gcc/arm-none-eabi/9.2.0/../../../../arm-none-eabi/lib/thumb/v6-m/nofp/libc_nano.a(lib_a-nano-svfscanf.o)
                0x0000000008008412                __ssrefill_r
 .text.__ssvfscanf_r
                0x0000000008008450      0x2f0 /usr/lib/gcc/arm-none-eabi/9.2.0/../../../../arm-none-eabi/lib/thumb/v6-m/nofp/libc_nano.a(lib_a-nano-svfscanf.o)
                0x0000000008008450                __ssvfscanf_r
                0x0000000008008450                __ssvfiscanf_r
 .text._scanf_chars
                0x0000000008008740       0xbc /usr/lib/gcc/arm-none-eabi/9.2.0/../../../../arm-none-eabi/lib/thumb/v6-m/nofp/libc_nano.a(lib_a-nano-vfscanf_i.o)
                0x0000000008008740                _scanf_chars
 .text._scanf_i
                0x00000000080087fc      0x208 /usr/lib/gcc/arm-none-eabi/9.2.0/../../../../arm-none-eabi/lib/thumb/v6-m/nofp/libc_nano.a(lib_a-nano-vfscanf_i.o)
                0x00000000080087fc                _scanf_i
 .text.__sccl   0x0000000008008a04       0x78 /usr/lib/gcc/arm-none-eabi/9.2.0/../../../../arm-none-eabi/lib/thumb/v6-m/nofp/libc_nano.a(lib_a-sccl.o)
                0x0000000008008a04                __sccl
 .text._strtol_l.isra.0
                0x0000000008008a7c      0x104 /usr/lib/gcc/arm-none-eabi/9.2.0/../../../../arm-none-eabi/lib/thumb/v6-m/nofp/libc_nano.a(lib_a-strtol.o)
 .text._strtol_r
                0x0000000008008b80        0x8 /usr/lib/gcc/arm-none-eabi/9.2.0/../../../../arm-none-eabi/lib/thumb/v6-m/nofp/libc_nano.a(lib_a-strtol.o)
                0x0000000008008b80                _strtol_r
 .text.__submore
                0x0000000008008b88       0x7c /usr/lib/gcc/arm-none-eabi/9.2.0/../../../../arm-none-eabi/lib/thumb/v6-m/nofp/libc_nano.a(lib_a-ungetc.o)
                0x0000000008008b88                __submore
 .text._malloc_usable_size_r
                0x0000000008008c04       0x10 /usr/lib/gcc/arm-none-eabi/9.2.0/../../../../arm-none-eabi/lib/thumb/v6-m/nofp/libc_nano.a(lib_a-nano-msizer.o)
                0x0000000008008c04                _malloc_usable_size_r
 .text          0x0000000008008c14       0x14 /usr/lib/gcc/arm-none-eabi/9.2.0/thumb/v6-m/nofp/libgcc.a(_thumb1_case_uqi.o)
                0x0000000008008c14                __gnu_thumb1_case_uqi
 .text          0x0000000008008c28       0x14 /usr/lib/gcc/arm-none-eabi/9.2.0/thumb/v6-m/nofp/libgcc.a(_thumb1_case_shi.o)
                0x0000000008008c28                __gnu_thumb1_case_shi
 .text          0x0000000008008c3c       0x8c /usr/lib/gcc/arm-none-eabi/9.2.0/thumb/v6-m/nofp/libgcc.a(_udivsi3.o)
                0x0000000008008c3c                __udivsi3
                0x0000000008008c3c                __aeabi_uidiv
                0x0000000008008cb4                __aeabi_uidivmod
 .text          0x0000000008008cc8       0xa8 /usr/lib/gcc/arm-none-eabi/9.2.0/thumb/v6-m/nofp/libgcc.a(_divsi3.o)
                0x0000000008008cc8                __aeabi_idiv
                0x0000000008008cc8                __divsi3
                0x0000000008008d5c                __aeabi_idivmod
 .text          0x0000000008008d70        0x4 /usr/lib/gcc/arm-none-eabi/9.2.0/thumb/v6-m/nofp/libgcc.a(_dvmd_tls.o)
                0x0000000008008d70                __aeabi_ldiv0
                0x0000000008008d70                __aeabi_idiv0
 .text          0x0000000008008d74       0x48 /usr/lib/gcc/arm-none-eabi/9.2.0/thumb/v6-m/nofp/libgcc.a(_aeabi_ldivmod.o)
                0x0000000008008d74                __aeabi_ldivmod
 .text.__muldi3
                0x0000000008008dbc       0x48 /usr/lib/gcc/arm-none-eabi/9.2.0/thumb/v6-m/nofp/libgcc.a(_muldi3.o)
                0x0000000008008dbc                __aeabi_lmul
                0x0000000008008dbc                __muldi3
 .text.__gnu_ldivmod_helper
                0x0000000008008e04       0x30 /usr/lib/gcc/arm-none-eabi/9.2.0/thumb/v6-m/nofp/libgcc.a(bpabi.o)
                0x0000000008008e04                __gnu_ldivmod_helper
 .text.__divdi3
                0x0000000008008e34      0x134 /usr/lib/gcc/arm-none-eabi/9.2.0/thumb/v6-m/nofp/libgcc.a(_divdi3.o)
                0x0000000008008e34                __divdi3
 .text          0x0000000008008f68       0x18 /usr/lib/gcc/arm-none-eabi/9.2.0/thumb/v6-m/nofp/libgcc.a(_lshrdi3.o)
                0x0000000008008f68                __aeabi_llsr
                0x0000000008008f68                __lshrdi3
 .text          0x0000000008008f80       0x18 /usr/lib/gcc/arm-none-eabi/9.2.0/thumb/v6-m/nofp/libgcc.a(_ashldi3.o)
                0x0000000008008f80                __ashldi3
                0x0000000008008f80                __aeabi_llsl
 .text          0x0000000008008f98       0x18 /usr/lib/gcc/arm-none-eabi/9.2.0/thumb/v6-m/nofp/libgcc.a(_clzdi2.o)
                0x0000000008008f98                __clzdi2
 .text          0x0000000008008fb0       0x3c /usr/lib/gcc/arm-none-eabi/9.2.0/thumb/v6-m/nofp/libgcc.a(_clzsi2.o)
                0x0000000008008fb0                __clzsi2
 .text._sbrk    0x0000000008008fec       0x1c /usr/lib/gcc/arm-none-eabi/9.2.0/../../../../arm-none-eabi/lib/thumb/v6-m/nofp/libnosys.a(sbrk.o)
                0x0000000008008fec                _sbrk
                0x0000000008009008                . = ALIGN (0x4)
 *(.rodata*)
 .rodata        0x0000000008009008       0xea bin/src/main.o
 *fill*         0x00000000080090f2        0x2 
 .rodata        0x00000000080090f4       0xce bin/src/gui/screens.o
 *fill*         0x00000000080091c2        0x2 
 .rodata        0x00000000080091c4       0xde bin/src/gui/menu.o
 *fill*         0x00000000080092a2        0x2 
 .rodata.__compound_literal.0
                0x00000000080092a4       0x90 bin/src/gui/menu.o
 .rodata.__compound_literal.5
                0x0000000008009334       0xa8 bin/src/gui/menu.o
 .rodata.uartdi_regs
                0x00000000080093dc       0x10 bin/sources/hal/uart.o
 .rodata.uartdi_rcc
                0x00000000080093ec       0x10 bin/sources/hal/uart.o
 .rodata.uartdi_irq
                0x00000000080093fc        0x4 bin/sources/hal/uart.o
 .rodata        0x0000000008009400       0x47 bin/sources/hal/uart.o
 *fill*         0x0000000008009447        0x1 
 .rodata.i2cdi_regs
                0x0000000008009448        0x8 bin/sources/hal/i2c.o
 .rodata.i2cdi_rcc
                0x0000000008009450        0x8 bin/sources/hal/i2c.o
 .rodata        0x0000000008009458       0x47 bin/sources/hal/i2c.o
 *fill*         0x000000000800949f        0x1 
 .rodata        0x00000000080094a0       0x4b bin/sources/hal/systick.o
 *fill*         0x00000000080094eb        0x1 
 .rodata.spidi_regs
                0x00000000080094ec        0x8 bin/sources/hal/spi.o
 .rodata.spidi_rcc
                0x00000000080094f4        0x8 bin/sources/hal/spi.o
 .rodata        0x00000000080094fc       0x47 bin/sources/hal/spi.o
 *fill*         0x0000000008009543        0x1 
 .rodata.usb_dev_descr
                0x0000000008009544       0x12 bin/sources/hal/usb_msc.o
 *fill*         0x0000000008009556        0x2 
 .rodata        0x0000000008009558       0x1d bin/sources/hal/usb_msc.o
 *fill*         0x0000000008009575        0x3 
 .rodata.usb_msc_endp
                0x0000000008009578       0x1e bin/sources/hal/usb_msc.o
 *fill*         0x0000000008009596        0x2 
 .rodata.usb_msc_iface
                0x0000000008009598       0x15 bin/sources/hal/usb_msc.o
 *fill*         0x00000000080095ad        0x3 
 .rodata.usb_ifaces
                0x00000000080095b0       0x10 bin/sources/hal/usb_msc.o
 .rodata.usb_config_descr
                0x00000000080095c0        0xd bin/sources/hal/usb_msc.o
 *fill*         0x00000000080095cd        0x3 
 .rodata        0x00000000080095d0       0x28 bin/sources/drivers/gps.o
 .rodata        0x00000000080095f8       0x53 bin/sources/drivers/spi_flash.o
 *fill*         0x000000000800964b        0x1 
 .rodata        0x000000000800964c       0x4f bin/sources/modules/log.o
 *fill*         0x000000000800969b        0x1 
 .rodata.Logi_Printf
                0x000000000800969c       0x84 bin/sources/modules/log.o
 .rodata.Nmeai_ScanHelper
                0x0000000008009720       0xc4 bin/sources/modules/nmea.o
 .rodata        0x00000000080097e4       0x28 bin/sources/modules/nmea.o
 .rodata.fat16i_boot_sector
                0x000000000800980c       0x3e bin/sources/modules/ramdisk.o
 *fill*         0x000000000800984a        0x2 
 .rodata        0x000000000800984c       0x4f bin/sources/modules/ramdisk.o
 *fill*         0x000000000800989b        0x1 
 .rodata.cguii_font_data_8x12
                0x000000000800989c      0x4c6 bin/sources/modules/cgui/fonts.o
 *fill*         0x0000000008009d62        0x2 
 .rodata.cgui_font_8x12
                0x0000000008009d64        0x8 bin/sources/modules/cgui/fonts.o
                0x0000000008009d64                cgui_font_8x12
 .rodata.mathi_sin_lookup
                0x0000000008009d6c       0xb6 bin/sources/utils/math.o
 *fill*         0x0000000008009e22        0x2 
 .rodata        0x0000000008009e24       0x4b bin/sources/utils/math.o
 .rodata        0x0000000008009e6f       0x36 ../external/AFW/sources/external/libopencm3/lib/libopencm3_stm32f0.a(usb_msc.o)
 *fill*         0x0000000008009ea5        0x3 
 .rodata.st_usbfs_v2_usb_driver
                0x0000000008009ea8       0x34 ../external/AFW/sources/external/libopencm3/lib/libopencm3_stm32f0.a(st_usbfs_v2.o)
                0x0000000008009ea8                st_usbfs_v2_usb_driver
 .rodata._ctype_
                0x0000000008009edc      0x101 /usr/lib/gcc/arm-none-eabi/9.2.0/../../../../arm-none-eabi/lib/thumb/v6-m/nofp/libc_nano.a(lib_a-ctype_.o)
                0x0000000008009edc                _ctype_
 *fill*         0x0000000008009fdd        0x3 
 .rodata.DAYS_IN_MONTH
                0x0000000008009fe0       0x30 /usr/lib/gcc/arm-none-eabi/9.2.0/../../../../arm-none-eabi/lib/thumb/v6-m/nofp/libc_nano.a(lib_a-mktime.o)
 .rodata._DAYS_BEFORE_MONTH
                0x000000000800a010       0x30 /usr/lib/gcc/arm-none-eabi/9.2.0/../../../../arm-none-eabi/lib/thumb/v6-m/nofp/libc_nano.a(lib_a-mktime.o)
 .rodata.__month_lengths
                0x000000000800a040       0x60 /usr/lib/gcc/arm-none-eabi/9.2.0/../../../../arm-none-eabi/lib/thumb/v6-m/nofp/libc_nano.a(lib_a-month_lengths.o)
                0x000000000800a040                __month_lengths
 .rodata._tzset_unlocked_r.str1.1
                0x000000000800a0a0       0x3c /usr/lib/gcc/arm-none-eabi/9.2.0/../../../../arm-none-eabi/lib/thumb/v6-m/nofp/libc_nano.a(lib_a-tzset_r.o)
                                         0x4e (size before relaxing)
 .rodata.str1.1
                0x000000000800a0dc        0x4 /usr/lib/gcc/arm-none-eabi/9.2.0/../../../../arm-none-eabi/lib/thumb/v6-m/nofp/libc_nano.a(lib_a-tzvars.o)
 .rodata.__ssvfscanf_r.str1.1
                0x000000000800a0dc        0x4 /usr/lib/gcc/arm-none-eabi/9.2.0/../../../../arm-none-eabi/lib/thumb/v6-m/nofp/libc_nano.a(lib_a-nano-svfscanf.o)
 .rodata.str1.1
                0x000000000800a0e0        0x9 /usr/lib/gcc/arm-none-eabi/9.2.0/../../../../arm-none-eabi/lib/thumb/v6-m/nofp/libc_nano.a(lib_a-nano-vfscanf_i.o)
 .rodata._scanf_i.str1.1
                0x000000000800a0e9       0x12 /usr/lib/gcc/arm-none-eabi/9.2.0/../../../../arm-none-eabi/lib/thumb/v6-m/nofp/libc_nano.a(lib_a-nano-vfscanf_i.o)
 *fill*         0x000000000800a0fb        0x1 
 .rodata        0x000000000800a0fc        0xc /usr/lib/gcc/arm-none-eabi/9.2.0/../../../../arm-none-eabi/lib/thumb/v6-m/nofp/libc_nano.a(lib_a-nano-vfscanf_i.o)
 .rodata.__sf_fake_stderr
                0x000000000800a108       0x20 /usr/lib/gcc/arm-none-eabi/9.2.0/../../../../arm-none-eabi/lib/thumb/v6-m/nofp/libc_nano.a(lib_a-findfp.o)
                0x000000000800a108                __sf_fake_stderr
 .rodata.__sf_fake_stdin
                0x000000000800a128       0x20 /usr/lib/gcc/arm-none-eabi/9.2.0/../../../../arm-none-eabi/lib/thumb/v6-m/nofp/libc_nano.a(lib_a-findfp.o)
                0x000000000800a128                __sf_fake_stdin
 .rodata.__sf_fake_stdout
                0x000000000800a148       0x20 /usr/lib/gcc/arm-none-eabi/9.2.0/../../../../arm-none-eabi/lib/thumb/v6-m/nofp/libc_nano.a(lib_a-findfp.o)
                0x000000000800a148                __sf_fake_stdout
                0x000000000800a168                . = ALIGN (0x4)

.glue_7         0x000000000800a168        0x0
 .glue_7        0x000000000800a168        0x0 linker stubs

.glue_7t        0x000000000800a168        0x0
 .glue_7t       0x000000000800a168        0x0 linker stubs

.vfp11_veneer   0x000000000800a168        0x0
 .vfp11_veneer  0x000000000800a168        0x0 linker stubs

.v4_bx          0x000000000800a168        0x0
 .v4_bx         0x000000000800a168        0x0 linker stubs

.iplt           0x000000000800a168        0x0
 .iplt          0x000000000800a168        0x0 bin/src/main.o

.preinit_array  0x000000000800a168        0x0
                0x000000000800a168                . = ALIGN (0x4)
                0x000000000800a168                __preinit_array_start = .
 *(.preinit_array)
                0x000000000800a168                __preinit_array_end = .

.init_array     0x000000000800a168        0x0
                0x000000000800a168                . = ALIGN (0x4)
                0x000000000800a168                __init_array_start = .
 *(SORT_BY_NAME(.init_array.*))
 *(.init_array)
                0x000000000800a168                __init_array_end = .

.fini_array     0x000000000800a168        0x0
                0x000000000800a168                . = ALIGN (0x4)
                0x000000000800a168                __fini_array_start = .
 *(.fini_array)
 *(SORT_BY_NAME(.fini_array.*))
                0x000000000800a168                __fini_array_end = .

.ARM.extab
 *(.ARM.extab*)

.ARM.exidx      0x000000000800a168        0x8
                0x000000000800a168                __exidx_start = .
 *(.ARM.exidx*)
 .ARM.exidx.text.__divdi3
                0x000000000800a168        0x8 /usr/lib/gcc/arm-none-eabi/9.2.0/thumb/v6-m/nofp/libgcc.a(_divdi3.o)
                0x000000000800a170                __exidx_end = .

.rel.dyn        0x000000000800a170        0x0
 .rel.iplt      0x000000000800a170        0x0 bin/src/main.o
                0x000000000800a170                . = ALIGN (0x4)
                0x000000000800a170                _etext = .

.data           0x0000000020000000      0x14c load address 0x000000000800a170
                0x0000000020000000                _data = .
 *(.data*)
 .data.bt_next.5819
                0x0000000020000000       0x10 bin/src/main.o
 .data.bt_enter.5820
                0x0000000020000010       0x10 bin/src/main.o
 .data.__compound_literal.1
                0x0000000020000020       0x10 bin/src/gui/menu.o
 .data.__compound_literal.2
                0x0000000020000030       0x10 bin/src/gui/menu.o
 .data.__compound_literal.3
                0x0000000020000040        0x8 bin/src/gui/menu.o
 .data.__compound_literal.4
                0x0000000020000048        0x8 bin/src/gui/menu.o
 .data.guii_menu
                0x0000000020000050       0x10 bin/src/gui/menu.o
 .data.current.5565
                0x0000000020000060        0x4 bin/src/gui/menu.o
 .data.usb_strings
                0x0000000020000064        0xc bin/sources/hal/usb_msc.o
 .data.logi_level
                0x0000000020000070        0x1 bin/sources/modules/log.o
 *fill*         0x0000000020000071        0x3 
 .data.logi_uart
                0x0000000020000074        0x4 bin/sources/modules/log.o
 .data.rcc_ahb_frequency
                0x0000000020000078        0x4 ../external/AFW/sources/external/libopencm3/lib/libopencm3_stm32f0.a(rcc.o)
                0x0000000020000078                rcc_ahb_frequency
 .data.rcc_apb1_frequency
                0x000000002000007c        0x4 ../external/AFW/sources/external/libopencm3/lib/libopencm3_stm32f0.a(rcc.o)
                0x000000002000007c                rcc_apb1_frequency
 .data._impure_ptr
                0x0000000020000080        0x4 /usr/lib/gcc/arm-none-eabi/9.2.0/../../../../arm-none-eabi/lib/thumb/v6-m/nofp/libc_nano.a(lib_a-impure.o)
                0x0000000020000080                _impure_ptr
 .data.impure_data
                0x0000000020000084       0x60 /usr/lib/gcc/arm-none-eabi/9.2.0/../../../../arm-none-eabi/lib/thumb/v6-m/nofp/libc_nano.a(lib_a-impure.o)
 .data._tzname  0x00000000200000e4        0x8 /usr/lib/gcc/arm-none-eabi/9.2.0/../../../../arm-none-eabi/lib/thumb/v6-m/nofp/libc_nano.a(lib_a-tzvars.o)
                0x00000000200000e4                _tzname
 *fill*         0x00000000200000ec        0x4 
 .data.tzinfo   0x00000000200000f0       0x58 /usr/lib/gcc/arm-none-eabi/9.2.0/../../../../arm-none-eabi/lib/thumb/v6-m/nofp/libc_nano.a(lib_a-gettzinfo.o)
 .data.environ  0x0000000020000148        0x4 /usr/lib/gcc/arm-none-eabi/9.2.0/../../../../arm-none-eabi/lib/thumb/v6-m/nofp/libc_nano.a(lib_a-environ.o)
                0x0000000020000148                environ
                0x000000002000014c                . = ALIGN (0x4)
                0x000000002000014c                _edata = .
                0x000000000800a170                _data_loadaddr = LOADADDR (.data)

.igot.plt       0x000000002000014c        0x0 load address 0x000000000800a2bc
 .igot.plt      0x000000002000014c        0x0 bin/src/main.o

.bss            0x0000000020000150      0xa24 load address 0x000000000800a2bc
 *(.bss*)
 .bss.statsi    0x0000000020000150       0x24 bin/src/stats.o
 .bss.prev_ready.5378
                0x0000000020000174        0x1 bin/src/stats.o
 *fill*         0x0000000020000175        0x3 
 .bss.prev.5377
                0x0000000020000178       0x30 bin/src/stats.o
 .bss.storagei_offset
                0x00000000200001a8        0x4 bin/src/storage.o
 .bss.scr.5521  0x00000000200001ac        0x1 bin/src/gui/screens.o
 .bss.guii_popup_shown
                0x00000000200001ad        0x1 bin/src/gui/gui.o
 .bss.in_menu.5477
                0x00000000200001ae        0x1 bin/src/gui/gui.o
 *fill*         0x00000000200001af        0x1 
 .bss.uartdi_rx_cb
                0x00000000200001b0       0x10 bin/sources/hal/uart.o
 .bss.extidi_cb
                0x00000000200001c0        0x4 bin/sources/hal/exti.o
                0x00000000200001c0                extidi_cb
 .bss.systickdi_cb
                0x00000000200001c4        0x4 bin/sources/hal/systick.o
 .bss.usb_msc_dev
                0x00000000200001c8        0x4 bin/sources/hal/usb_msc.o
 .bss.usb_control_buffer
                0x00000000200001cc       0x80 bin/sources/hal/usb_msc.o
 .bss.rtcdi_alarm_cb
                0x000000002000024c        0x4 bin/sources/hal/rtc.o
 .bss.rtcdi_wut_persist
                0x0000000020000250        0x1 bin/sources/hal/rtc.o
 *fill*         0x0000000020000251        0x3 
 .bss.gpsi_ringbuf
                0x0000000020000254        0x8 bin/sources/drivers/gps.o
 .bss.gpsi_data_valid
                0x000000002000025c        0x1 bin/sources/drivers/gps.o
 *fill*         0x000000002000025d        0x3 
 .bss.gpsi_info
                0x0000000020000260       0x30 bin/sources/drivers/gps.o
 .bss.prev.5262
                0x0000000020000290        0x1 bin/sources/drivers/gps.o
 *fill*         0x0000000020000291        0x3 
 .bss.gpsi_buf.5274
                0x0000000020000294       0x20 bin/sources/drivers/gps.o
 .bss.ssd1306i_fbuf
                0x00000000200002b4      0x401 bin/sources/drivers/ssd1306.o
 .bss.pos.5343  0x00000000200006b5        0x1 bin/sources/modules/nmea.o
 *fill*         0x00000000200006b6        0x2 
 .bss.buf.5342  0x00000000200006b8       0x52 bin/sources/modules/nmea.o
 *fill*         0x000000002000070a        0x2 
 .bss.ramdiski_files
                0x000000002000070c       0x80 bin/sources/modules/ramdisk.o
 .bss.ramdiski_info
                0x000000002000078c       0x14 bin/sources/modules/ramdisk.o
 .bss.cguii_disp
                0x00000000200007a0       0x14 bin/sources/modules/cgui/cgui.o
 .bss.timei_elapsed_ms
                0x00000000200007b4        0x4 bin/sources/utils/time.o
 .bss._mass_storage
                0x00000000200007b8      0x274 ../external/AFW/sources/external/libopencm3/lib/libopencm3_stm32f0.a(usb_msc.o)
 .bss.st_usbfs_dev
                0x0000000020000a2c       0xfc ../external/AFW/sources/external/libopencm3/lib/libopencm3_stm32f0.a(st_usbfs_core.o)
                0x0000000020000a2c                st_usbfs_dev
 .bss.st_usbfs_force_nak
                0x0000000020000b28        0x8 ../external/AFW/sources/external/libopencm3/lib/libopencm3_stm32f0.a(st_usbfs_core.o)
                0x0000000020000b28                st_usbfs_force_nak
 .bss.__malloc_free_list
                0x0000000020000b30        0x4 /usr/lib/gcc/arm-none-eabi/9.2.0/../../../../arm-none-eabi/lib/thumb/v6-m/nofp/libc_nano.a(lib_a-nano-mallocr.o)
                0x0000000020000b30                __malloc_free_list
 .bss.__malloc_sbrk_start
                0x0000000020000b34        0x4 /usr/lib/gcc/arm-none-eabi/9.2.0/../../../../arm-none-eabi/lib/thumb/v6-m/nofp/libc_nano.a(lib_a-nano-mallocr.o)
                0x0000000020000b34                __malloc_sbrk_start
 .bss.__tzname_dst
                0x0000000020000b38        0xb /usr/lib/gcc/arm-none-eabi/9.2.0/../../../../arm-none-eabi/lib/thumb/v6-m/nofp/libc_nano.a(lib_a-tzset_r.o)
 .bss.__tzname_std
                0x0000000020000b43        0xb /usr/lib/gcc/arm-none-eabi/9.2.0/../../../../arm-none-eabi/lib/thumb/v6-m/nofp/libc_nano.a(lib_a-tzset_r.o)
 *fill*         0x0000000020000b4e        0x2 
 .bss.prev_tzenv
                0x0000000020000b50        0x4 /usr/lib/gcc/arm-none-eabi/9.2.0/../../../../arm-none-eabi/lib/thumb/v6-m/nofp/libc_nano.a(lib_a-tzset_r.o)
 .bss._daylight
                0x0000000020000b54        0x4 /usr/lib/gcc/arm-none-eabi/9.2.0/../../../../arm-none-eabi/lib/thumb/v6-m/nofp/libc_nano.a(lib_a-tzvars.o)
                0x0000000020000b54                _daylight
 .bss._timezone
                0x0000000020000b58        0x4 /usr/lib/gcc/arm-none-eabi/9.2.0/../../../../arm-none-eabi/lib/thumb/v6-m/nofp/libc_nano.a(lib_a-tzvars.o)
                0x0000000020000b58                _timezone
 .bss.initial_env
                0x0000000020000b5c        0x4 /usr/lib/gcc/arm-none-eabi/9.2.0/../../../../arm-none-eabi/lib/thumb/v6-m/nofp/libc_nano.a(lib_a-environ.o)
 .bss.heap_end.4144
                0x0000000020000b60        0x4 /usr/lib/gcc/arm-none-eabi/9.2.0/../../../../arm-none-eabi/lib/thumb/v6-m/nofp/libnosys.a(sbrk.o)
 *(COMMON)
 COMMON         0x0000000020000b64        0x9 /usr/lib/gcc/arm-none-eabi/9.2.0/../../../../arm-none-eabi/lib/thumb/v6-m/nofp/libc_nano.a(lib_a-lock.o)
                0x0000000020000b64                __lock___atexit_recursive_mutex
                0x0000000020000b65                __lock___arc4random_mutex
                0x0000000020000b66                __lock___env_recursive_mutex
                0x0000000020000b67                __lock___sinit_recursive_mutex
                0x0000000020000b68                __lock___malloc_recursive_mutex
                0x0000000020000b69                __lock___at_quick_exit_mutex
                0x0000000020000b6a                __lock___dd_hash_mutex
                0x0000000020000b6b                __lock___tz_mutex
                0x0000000020000b6c                __lock___sfp_recursive_mutex
 *fill*         0x0000000020000b6d        0x3 
 COMMON         0x0000000020000b70        0x4 /usr/lib/gcc/arm-none-eabi/9.2.0/../../../../arm-none-eabi/lib/thumb/v6-m/nofp/libc_nano.a(lib_a-reent.o)
                0x0000000020000b70                errno
                0x0000000020000b74                . = ALIGN (0x4)
                0x0000000020000b74                _ebss = .

/DISCARD/
 *(.eh_frame)
                0x0000000020000b74                . = ALIGN (0x4)
                0x0000000020000b74                end = .
                0x0000000020004000                PROVIDE (_stack = (ORIGIN (ram) + LENGTH (ram)))
OUTPUT(logger.elf elf32-littlearm)

.comment        0x0000000000000000       0x1d
 .comment       0x0000000000000000       0x1d bin/src/main.o
                                         0x1e (size before relaxing)
 .comment       0x000000000000001d       0x1e bin/src/stats.o
 .comment       0x000000000000001d       0x1e bin/src/storage.o
 .comment       0x000000000000001d       0x1e bin/src/gui/screens.o
 .comment       0x000000000000001d       0x1e bin/src/gui/menu.o
 .comment       0x000000000000001d       0x1e bin/src/gui/gui.o
 .comment       0x000000000000001d       0x1e bin/sources/hal/io.o
 .comment       0x000000000000001d       0x1e bin/sources/hal/uart.o
 .comment       0x000000000000001d       0x1e bin/sources/hal/exti.o
 .comment       0x000000000000001d       0x1e bin/sources/hal/i2c.o
 .comment       0x000000000000001d       0x1e bin/sources/hal/systick.o
 .comment       0x000000000000001d       0x1e bin/sources/hal/spi.o
 .comment       0x000000000000001d       0x1e bin/sources/hal/usb_msc.o
 .comment       0x000000000000001d       0x1e bin/sources/hal/rtc.o
 .comment       0x000000000000001d       0x1e bin/sources/drivers/gps.o
 .comment       0x000000000000001d       0x1e bin/sources/drivers/spi_flash.o
 .comment       0x000000000000001d       0x1e bin/sources/drivers/ssd1306.o
 .comment       0x000000000000001d       0x1e bin/sources/modules/log.o
 .comment       0x000000000000001d       0x1e bin/sources/modules/nmea.o
 .comment       0x000000000000001d       0x1e bin/sources/modules/ramdisk.o
 .comment       0x000000000000001d       0x1e bin/sources/modules/cgui/fonts.o
 .comment       0x000000000000001d       0x1e bin/sources/modules/cgui/cgui.o
 .comment       0x000000000000001d       0x1e bin/sources/utils/math.o
 .comment       0x000000000000001d       0x1e bin/sources/utils/nav.o
 .comment       0x000000000000001d       0x1e bin/sources/utils/button.o
 .comment       0x000000000000001d       0x1e bin/sources/utils/ringbuf.o
 .comment       0x000000000000001d       0x1e bin/sources/utils/time.o
 .comment       0x000000000000001d       0x1e ../external/AFW/sources/external/libopencm3/lib/libopencm3_stm32f0.a(exti_common_all.o)
 .comment       0x000000000000001d       0x1e ../external/AFW/sources/external/libopencm3/lib/libopencm3_stm32f0.a(gpio_common_all.o)
 .comment       0x000000000000001d       0x1e ../external/AFW/sources/external/libopencm3/lib/libopencm3_stm32f0.a(i2c_common_v2.o)
 .comment       0x000000000000001d       0x1e ../external/AFW/sources/external/libopencm3/lib/libopencm3_stm32f0.a(rcc.o)
 .comment       0x000000000000001d       0x1e ../external/AFW/sources/external/libopencm3/lib/libopencm3_stm32f0.a(rcc_common_all.o)
 .comment       0x000000000000001d       0x1e ../external/AFW/sources/external/libopencm3/lib/libopencm3_stm32f0.a(rtc_common_l1f024.o)
 .comment       0x000000000000001d       0x1e ../external/AFW/sources/external/libopencm3/lib/libopencm3_stm32f0.a(spi_common_all.o)
 .comment       0x000000000000001d       0x1e ../external/AFW/sources/external/libopencm3/lib/libopencm3_stm32f0.a(spi_common_v2.o)
 .comment       0x000000000000001d       0x1e ../external/AFW/sources/external/libopencm3/lib/libopencm3_stm32f0.a(usart_common_all.o)
 .comment       0x000000000000001d       0x1e ../external/AFW/sources/external/libopencm3/lib/libopencm3_stm32f0.a(usart_common_v2.o)
 .comment       0x000000000000001d       0x1e ../external/AFW/sources/external/libopencm3/lib/libopencm3_stm32f0.a(usb.o)
 .comment       0x000000000000001d       0x1e ../external/AFW/sources/external/libopencm3/lib/libopencm3_stm32f0.a(usb_control.o)
 .comment       0x000000000000001d       0x1e ../external/AFW/sources/external/libopencm3/lib/libopencm3_stm32f0.a(usb_standard.o)
 .comment       0x000000000000001d       0x1e ../external/AFW/sources/external/libopencm3/lib/libopencm3_stm32f0.a(usb_msc.o)
 .comment       0x000000000000001d       0x1e ../external/AFW/sources/external/libopencm3/lib/libopencm3_stm32f0.a(st_usbfs_v2.o)
 .comment       0x000000000000001d       0x1e ../external/AFW/sources/external/libopencm3/lib/libopencm3_stm32f0.a(vector.o)
 .comment       0x000000000000001d       0x1e ../external/AFW/sources/external/libopencm3/lib/libopencm3_stm32f0.a(systick.o)
 .comment       0x000000000000001d       0x1e ../external/AFW/sources/external/libopencm3/lib/libopencm3_stm32f0.a(nvic.o)
 .comment       0x000000000000001d       0x1e ../external/AFW/sources/external/libopencm3/lib/libopencm3_stm32f0.a(st_usbfs_core.o)

.ARM.attributes
                0x0000000000000000       0x2a
 .ARM.attributes
                0x0000000000000000       0x2c bin/src/main.o
 .ARM.attributes
                0x000000000000002c       0x2c bin/src/stats.o
 .ARM.attributes
                0x0000000000000058       0x2c bin/src/storage.o
 .ARM.attributes
                0x0000000000000084       0x2c bin/src/gui/screens.o
 .ARM.attributes
                0x00000000000000b0       0x2c bin/src/gui/menu.o
 .ARM.attributes
                0x00000000000000dc       0x2c bin/src/gui/gui.o
 .ARM.attributes
                0x0000000000000108       0x2c bin/sources/hal/io.o
 .ARM.attributes
                0x0000000000000134       0x2c bin/sources/hal/uart.o
 .ARM.attributes
                0x0000000000000160       0x2c bin/sources/hal/exti.o
 .ARM.attributes
                0x000000000000018c       0x2c bin/sources/hal/i2c.o
 .ARM.attributes
                0x00000000000001b8       0x2c bin/sources/hal/systick.o
 .ARM.attributes
                0x00000000000001e4       0x2c bin/sources/hal/spi.o
 .ARM.attributes
                0x0000000000000210       0x2c bin/sources/hal/usb_msc.o
 .ARM.attributes
                0x000000000000023c       0x2c bin/sources/hal/rtc.o
 .ARM.attributes
                0x0000000000000268       0x2c bin/sources/drivers/gps.o
 .ARM.attributes
                0x0000000000000294       0x2c bin/sources/drivers/spi_flash.o
 .ARM.attributes
                0x00000000000002c0       0x2c bin/sources/drivers/ssd1306.o
 .ARM.attributes
                0x00000000000002ec       0x2c bin/sources/modules/log.o
 .ARM.attributes
                0x0000000000000318       0x2c bin/sources/modules/nmea.o
 .ARM.attributes
                0x0000000000000344       0x2c bin/sources/modules/ramdisk.o
 .ARM.attributes
                0x0000000000000370       0x31 bin/sources/modules/cgui/fonts.o
 .ARM.attributes
                0x00000000000003a1       0x2c bin/sources/modules/cgui/cgui.o
 .ARM.attributes
                0x00000000000003cd       0x2c bin/sources/utils/math.o
 .ARM.attributes
                0x00000000000003f9       0x2c bin/sources/utils/nav.o
 .ARM.attributes
                0x0000000000000425       0x2c bin/sources/utils/button.o
 .ARM.attributes
                0x0000000000000451       0x2c bin/sources/utils/ringbuf.o
 .ARM.attributes
                0x000000000000047d       0x2c bin/sources/utils/time.o
 .ARM.attributes
                0x00000000000004a9       0x2c ../external/AFW/sources/external/libopencm3/lib/libopencm3_stm32f0.a(exti_common_all.o)
 .ARM.attributes
                0x00000000000004d5       0x2c ../external/AFW/sources/external/libopencm3/lib/libopencm3_stm32f0.a(gpio_common_all.o)
 .ARM.attributes